Component: ARM Compiler 6.15 Tool: armlink [5dd79300]

==============================================================================

Section Cross References

    main.o(.text.main) refers to main.o(.text.initGPIO) for initGPIO
    main.o(.text.main) refers to main.o(.text.initTIM2) for initTIM2
    main.o(.text.main) refers to cmsis_os2.o(.text.osKernelInitialize) for osKernelInitialize
    main.o(.text.main) refers to rt_cmsis.o(i.osKernelInitialize) for osKernelInitialize
    main.o(.text.main) refers to main.o(.text.PWM1) for PWM1
    main.o(.text.main) refers to cmsis_os2.o(.text.osThreadNew) for osThreadNew
    main.o(.text.main) refers to main.o(.text.PWM2) for PWM2
    main.o(.text.main) refers to cmsis_os2.o(.text.osKernelStart) for osKernelStart
    main.o(.text.main) refers to rt_cmsis.o(i.osKernelStart) for osKernelStart
    main.o(.ARM.exidx.text.main) refers to main.o(.text.main) for [Anonymous Symbol]
    main.o(.text.initGPIO) refers to stm32f10x_rcc.o(.text.RCC_APB2PeriphClockCmd) for RCC_APB2PeriphClockCmd
    main.o(.text.initGPIO) refers to stm32f10x_gpio.o(.text.GPIO_StructInit) for GPIO_StructInit
    main.o(.text.initGPIO) refers to stm32f10x_gpio.o(.text.GPIO_Init) for GPIO_Init
    main.o(.ARM.exidx.text.initGPIO) refers to main.o(.text.initGPIO) for [Anonymous Symbol]
    main.o(.text.initTIM2) refers to stm32f10x_rcc.o(.text.RCC_APB1PeriphClockCmd) for RCC_APB1PeriphClockCmd
    main.o(.text.initTIM2) refers to stm32f10x_tim.o(.text.TIM_TimeBaseStructInit) for TIM_TimeBaseStructInit
    main.o(.text.initTIM2) refers to system_stm32f10x.o(.data.SystemCoreClock) for SystemCoreClock
    main.o(.text.initTIM2) refers to stm32f10x_tim.o(.text.TIM_TimeBaseInit) for TIM_TimeBaseInit
    main.o(.text.initTIM2) refers to stm32f10x_tim.o(.text.TIM_ITConfig) for TIM_ITConfig
    main.o(.text.initTIM2) refers to stm32f10x_tim.o(.text.TIM_Cmd) for TIM_Cmd
    main.o(.text.initTIM2) refers to misc.o(.text.NVIC_Init) for NVIC_Init
    main.o(.ARM.exidx.text.initTIM2) refers to main.o(.text.initTIM2) for [Anonymous Symbol]
    main.o(.text.PWM1) refers to stm32f10x_gpio.o(.text.GPIO_SetBits) for GPIO_SetBits
    main.o(.text.PWM1) refers to stm32f10x_gpio.o(.text.GPIO_ResetBits) for GPIO_ResetBits
    main.o(.ARM.exidx.text.PWM1) refers to main.o(.text.PWM1) for [Anonymous Symbol]
    main.o(.text.PWM2) refers to stm32f10x_gpio.o(.text.GPIO_SetBits) for GPIO_SetBits
    main.o(.text.PWM2) refers to stm32f10x_gpio.o(.text.GPIO_ResetBits) for GPIO_ResetBits
    main.o(.ARM.exidx.text.PWM2) refers to main.o(.text.PWM2) for [Anonymous Symbol]
    main.o(.ARM.exidx.text.delay) refers to main.o(.text.delay) for [Anonymous Symbol]
    main.o(.text.TIM2_IRQHandler) refers to main.o(.bss.ticks_delay) for ticks_delay
    main.o(.text.TIM2_IRQHandler) refers to stm32f10x_tim.o(.text.TIM_ClearITPendingBit) for TIM_ClearITPendingBit
    main.o(.ARM.exidx.text.TIM2_IRQHandler) refers to main.o(.text.TIM2_IRQHandler) for [Anonymous Symbol]
    rtx_conf_cm.o(.text) refers (Special) to main.o(.ARM.use_no_argv) for __ARM_use_no_argv
    rtx_conf_cm.o(.text.os_idle_demon) refers (Special) to main.o(.ARM.use_no_argv) for __ARM_use_no_argv
    rtx_conf_cm.o(.ARM.exidx.text.os_idle_demon) refers (Special) to main.o(.ARM.use_no_argv) for __ARM_use_no_argv
    rtx_conf_cm.o(.ARM.exidx.text.os_idle_demon) refers to rtx_conf_cm.o(.text.os_idle_demon) for [Anonymous Symbol]
    rtx_conf_cm.o(.text.os_error) refers (Special) to main.o(.ARM.use_no_argv) for __ARM_use_no_argv
    rtx_conf_cm.o(.ARM.exidx.text.os_error) refers (Special) to main.o(.ARM.use_no_argv) for __ARM_use_no_argv
    rtx_conf_cm.o(.ARM.exidx.text.os_error) refers to rtx_conf_cm.o(.text.os_error) for [Anonymous Symbol]
    rtx_conf_cm.o(.text.__user_perthread_libspace) refers (Special) to main.o(.ARM.use_no_argv) for __ARM_use_no_argv
    rtx_conf_cm.o(.text.__user_perthread_libspace) refers to rt_cmsis.o(.data) for os_running
    rtx_conf_cm.o(.text.__user_perthread_libspace) refers to rt_task.o(i.rt_tsk_self) for rt_tsk_self
    rtx_conf_cm.o(.text.__user_perthread_libspace) refers to rtx_conf_cm.o(.bss.std_libspace) for std_libspace
    rtx_conf_cm.o(.text.__user_perthread_libspace) refers to libspace.o(.bss) for __libspace_start
    rtx_conf_cm.o(.ARM.exidx.text.__user_perthread_libspace) refers (Special) to main.o(.ARM.use_no_argv) for __ARM_use_no_argv
    rtx_conf_cm.o(.ARM.exidx.text.__user_perthread_libspace) refers to rtx_conf_cm.o(.text.__user_perthread_libspace) for [Anonymous Symbol]
    rtx_conf_cm.o(.text._mutex_initialize) refers (Special) to main.o(.ARM.use_no_argv) for __ARM_use_no_argv
    rtx_conf_cm.o(.text._mutex_initialize) refers to rtx_conf_cm.o(.bss.nr_mutex) for nr_mutex
    rtx_conf_cm.o(.text._mutex_initialize) refers to rtx_conf_cm.o(.bss.std_libmutex) for std_libmutex
    rtx_conf_cm.o(.text._mutex_initialize) refers to rt_mutex.o(i.rt_mut_init) for rt_mut_init
[...]
    queue.o(.ARM.exidx.text.vQueueSetQueueNumber) refers to queue.o(.text.vQueueSetQueueNumber) for [Anonymous Symbol]
    queue.o(.ARM.exidx.text.ucQueueGetQueueType) refers to queue.o(.text.ucQueueGetQueueType) for [Anonymous Symbol]
    queue.o(.ARM.exidx.text.xQueueIsQueueEmptyFromISR) refers to queue.o(.text.xQueueIsQueueEmptyFromISR) for [Anonymous Symbol]
    queue.o(.ARM.exidx.text.xQueueIsQueueFullFromISR) refers to queue.o(.text.xQueueIsQueueFullFromISR) for [Anonymous Symbol]
    queue.o(.text.vQueueWaitForMessageRestricted) refers to port.o(.text.vPortEnterCritical) for vPortEnterCritical
    queue.o(.text.vQueueWaitForMessageRestricted) refers to port.o(.text.vPortExitCritical) for vPortExitCritical
    queue.o(.text.vQueueWaitForMessageRestricted) refers to tasks.o(.text.vTaskPlaceOnEventListRestricted) for vTaskPlaceOnEventListRestricted
    queue.o(.text.vQueueWaitForMessageRestricted) refers to queue.o(.text.prvUnlockQueue) for prvUnlockQueue
    queue.o(.ARM.exidx.text.vQueueWaitForMessageRestricted) refers to queue.o(.text.vQueueWaitForMessageRestricted) for [Anonymous Symbol]
    tasks.o(.text.xTaskCreateStatic) refers to tasks.o(.text.prvInitialiseNewTask) for prvInitialiseNewTask
    tasks.o(.text.xTaskCreateStatic) refers to tasks.o(.text.prvAddNewTaskToReadyList) for prvAddNewTaskToReadyList
    tasks.o(.ARM.exidx.text.xTaskCreateStatic) refers to tasks.o(.text.xTaskCreateStatic) for [Anonymous Symbol]
    tasks.o(.text.prvInitialiseNewTask) refers to aeabi_memset4.o(.text) for __aeabi_memset4
    tasks.o(.text.prvInitialiseNewTask) refers to list.o(.text.vListInitialiseItem) for vListInitialiseItem
    tasks.o(.text.prvInitialiseNewTask) refers to port.o(.text.pxPortInitialiseStack) for pxPortInitialiseStack
    tasks.o(.ARM.exidx.text.prvInitialiseNewTask) refers to tasks.o(.text.prvInitialiseNewTask) for [Anonymous Symbol]
    tasks.o(.text.prvAddNewTaskToReadyList) refers to port.o(.text.vPortEnterCritical) for vPortEnterCritical
    tasks.o(.text.prvAddNewTaskToReadyList) refers to tasks.o(.bss.uxCurrentNumberOfTasks) for uxCurrentNumberOfTasks
    tasks.o(.text.prvAddNewTaskToReadyList) refers to tasks.o(.bss.pxCurrentTCB) for pxCurrentTCB
    tasks.o(.text.prvAddNewTaskToReadyList) refers to tasks.o(.bss.xSchedulerRunning) for xSchedulerRunning
    tasks.o(.text.prvAddNewTaskToReadyList) refers to tasks.o(.text.prvInitialiseTaskLists) for prvInitialiseTaskLists
    tasks.o(.text.prvAddNewTaskToReadyList) refers to tasks.o(.bss.uxTaskNumber) for uxTaskNumber
    tasks.o(.text.prvAddNewTaskToReadyList) refers to tasks.o(.bss.uxTopReadyPriority) for uxTopReadyPriority
    tasks.o(.text.prvAddNewTaskToReadyList) refers to tasks.o(.bss.pxReadyTasksLists) for pxReadyTasksLists
    tasks.o(.text.prvAddNewTaskToReadyList) refers to list.o(.text.vListInsertEnd) for vListInsertEnd
    tasks.o(.text.prvAddNewTaskToReadyList) refers to port.o(.text.vPortExitCritical) for vPortExitCritical
    tasks.o(.ARM.exidx.text.prvAddNewTaskToReadyList) refers to tasks.o(.text.prvAddNewTaskToReadyList) for [Anonymous Symbol]
    tasks.o(.text.xTaskCreate) refers to heap_4.o(.text.pvPortMalloc) for pvPortMalloc
    tasks.o(.text.xTaskCreate) refers to heap_4.o(.text.vPortFree) for vPortFree
    tasks.o(.text.xTaskCreate) refers to tasks.o(.text.prvInitialiseNewTask) for prvInitialiseNewTask
    tasks.o(.text.xTaskCreate) refers to tasks.o(.text.prvAddNewTaskToReadyList) for prvAddNewTaskToReadyList
    tasks.o(.ARM.exidx.text.xTaskCreate) refers to tasks.o(.text.xTaskCreate) for [Anonymous Symbol]
    tasks.o(.text.vTaskDelete) refers to port.o(.text.vPortEnterCritical) for vPortEnterCritical
    tasks.o(.text.vTaskDelete) refers to tasks.o(.bss.pxCurrentTCB) for pxCurrentTCB
    tasks.o(.text.vTaskDelete) refers to list.o(.text.uxListRemove) for uxListRemove
    tasks.o(.text.vTaskDelete) refers to tasks.o(.bss.uxTaskNumber) for uxTaskNumber
    tasks.o(.text.vTaskDelete) refers to tasks.o(.bss.uxCurrentNumberOfTasks) for uxCurrentNumberOfTasks
    tasks.o(.text.vTaskDelete) refers to tasks.o(.text.prvDeleteTCB) for prvDeleteTCB
    tasks.o(.text.vTaskDelete) refers to tasks.o(.text.prvResetNextTaskUnblockTime) for prvResetNextTaskUnblockTime
    tasks.o(.text.vTaskDelete) refers to tasks.o(.bss.xTasksWaitingTermination) for xTasksWaitingTermination
    tasks.o(.text.vTaskDelete) refers to list.o(.text.vListInsertEnd) for vListInsertEnd
    tasks.o(.text.vTaskDelete) refers to tasks.o(.bss.uxDeletedTasksWaitingCleanUp) for uxDeletedTasksWaitingCleanUp
    tasks.o(.text.vTaskDelete) refers to port.o(.text.vPortExitCritical) for vPortExitCritical
    tasks.o(.text.vTaskDelete) refers to tasks.o(.bss.xSchedulerRunning) for xSchedulerRunning
    tasks.o(.ARM.exidx.text.vTaskDelete) refers to tasks.o(.text.vTaskDelete) for [Anonymous Symbol]
    tasks.o(.text.prvDeleteTCB) refers to heap_4.o(.text.vPortFree) for vPortFree
    tasks.o(.ARM.exidx.text.prvDeleteTCB) refers to tasks.o(.text.prvDeleteTCB) for [Anonymous Symbol]
    tasks.o(.text.prvResetNextTaskUnblockTime) refers to tasks.o(.bss.pxDelayedTaskList) for pxDelayedTaskList
    tasks.o(.text.prvResetNextTaskUnblockTime) refers to tasks.o(.bss.xNextTaskUnblockTime) for xNextTaskUnblockTime
    tasks.o(.ARM.exidx.text.prvResetNextTaskUnblockTime) refers to tasks.o(.text.prvResetNextTaskUnblockTime) for [Anonymous Symbol]
    tasks.o(.text.vTaskDelayUntil) refers to tasks.o(.text.vTaskSuspendAll) for vTaskSuspendAll
    tasks.o(.text.vTaskDelayUntil) refers to tasks.o(.bss.xTickCount) for xTickCount
    tasks.o(.text.vTaskDelayUntil) refers to tasks.o(.text.prvAddCurrentTaskToDelayedList) for prvAddCurrentTaskToDelayedList
    tasks.o(.text.vTaskDelayUntil) refers to tasks.o(.text.xTaskResumeAll) for xTaskResumeAll
    tasks.o(.ARM.exidx.text.vTaskDelayUntil) refers to tasks.o(.text.vTaskDelayUntil) for [Anonymous Symbol]
    tasks.o(.text.vTaskSuspendAll) refers to tasks.o(.bss.uxSchedulerSuspended) for uxSchedulerSuspended
    tasks.o(.ARM.exidx.text.vTaskSuspendAll) refers to tasks.o(.text.vTaskSuspendAll) for [Anonymous Symbol]
    tasks.o(.text.prvAddCurrentTaskToDelayedList) refers to tasks.o(.bss.xTickCount) for xTickCount
    tasks.o(.text.prvAddCurrentTaskToDelayedList) refers to tasks.o(.bss.pxCurrentTCB) for pxCurrentTCB
    tasks.o(.text.prvAddCurrentTaskToDelayedList) refers to list.o(.text.uxListRemove) for uxListRemove
    tasks.o(.text.prvAddCurrentTaskToDelayedList) refers to tasks.o(.bss.xSuspendedTaskList) for xSuspendedTaskList
    tasks.o(.text.prvAddCurrentTaskToDelayedList) refers to list.o(.text.vListInsertEnd) for vListInsertEnd
    tasks.o(.text.prvAddCurrentTaskToDelayedList) refers to tasks.o(.bss.pxOverflowDelayedTaskList) for pxOverflowDelayedTaskList
    tasks.o(.text.prvAddCurrentTaskToDelayedList) refers to list.o(.text.vListInsert) for vListInsert
    tasks.o(.text.prvAddCurrentTaskToDelayedList) refers to tasks.o(.bss.pxDelayedTaskList) for pxDelayedTaskList
    tasks.o(.text.prvAddCurrentTaskToDelayedList) refers to tasks.o(.bss.xNextTaskUnblockTime) for xNextTaskUnblockTime
    tasks.o(.ARM.exidx.text.prvAddCurrentTaskToDelayedList) refers to tasks.o(.text.prvAddCurrentTaskToDelayedList) for [Anonymous Symbol]
    tasks.o(.text.xTaskResumeAll) refers to port.o(.text.vPortEnterCritical) for vPortEnterCritical
    tasks.o(.text.xTaskResumeAll) refers to tasks.o(.bss.uxSchedulerSuspended) for uxSchedulerSuspended
    tasks.o(.text.xTaskResumeAll) refers to port.o(.text.vPortExitCritical) for vPortExitCritical
    tasks.o(.text.xTaskResumeAll) refers to tasks.o(.bss.uxCurrentNumberOfTasks) for uxCurrentNumberOfTasks
    tasks.o(.text.xTaskResumeAll) refers to tasks.o(.bss.xPendingReadyList) for xPendingReadyList
    tasks.o(.text.xTaskResumeAll) refers to tasks.o(.bss.xYieldPending) for xYieldPending
    tasks.o(.text.xTaskResumeAll) refers to tasks.o(.bss.uxTopReadyPriority) for uxTopReadyPriority
    tasks.o(.text.xTaskResumeAll) refers to tasks.o(.bss.pxReadyTasksLists) for pxReadyTasksLists
    tasks.o(.text.xTaskResumeAll) refers to tasks.o(.bss.pxCurrentTCB) for pxCurrentTCB
    tasks.o(.text.xTaskResumeAll) refers to list.o(.text.uxListRemove) for uxListRemove
    tasks.o(.text.xTaskResumeAll) refers to list.o(.text.vListInsertEnd) for vListInsertEnd
    tasks.o(.text.xTaskResumeAll) refers to tasks.o(.text.prvResetNextTaskUnblockTime) for prvResetNextTaskUnblockTime
    tasks.o(.text.xTaskResumeAll) refers to tasks.o(.bss.xPendedTicks) for xPendedTicks
    tasks.o(.text.xTaskResumeAll) refers to tasks.o(.text.xTaskIncrementTick) for xTaskIncrementTick
    tasks.o(.ARM.exidx.text.xTaskResumeAll) refers to tasks.o(.text.xTaskResumeAll) for [Anonymous Symbol]
    tasks.o(.text.vTaskDelay) refers to tasks.o(.text.vTaskSuspendAll) for vTaskSuspendAll
    tasks.o(.text.vTaskDelay) refers to tasks.o(.text.prvAddCurrentTaskToDelayedList) for prvAddCurrentTaskToDelayedList
    tasks.o(.text.vTaskDelay) refers to tasks.o(.text.xTaskResumeAll) for xTaskResumeAll
    tasks.o(.ARM.exidx.text.vTaskDelay) refers to tasks.o(.text.vTaskDelay) for [Anonymous Symbol]
    tasks.o(.text.eTaskGetState) refers to tasks.o(.bss.pxCurrentTCB) for pxCurrentTCB
    tasks.o(.text.eTaskGetState) refers to port.o(.text.vPortEnterCritical) for vPortEnterCritical
    tasks.o(.text.eTaskGetState) refers to tasks.o(.bss.pxDelayedTaskList) for pxDelayedTaskList
    tasks.o(.text.eTaskGetState) refers to tasks.o(.bss.pxOverflowDelayedTaskList) for pxOverflowDelayedTaskList
    tasks.o(.text.eTaskGetState) refers to port.o(.text.vPortExitCritical) for vPortExitCritical
    tasks.o(.text.eTaskGetState) refers to tasks.o(.bss.xSuspendedTaskList) for xSuspendedTaskList
    tasks.o(.text.eTaskGetState) refers to tasks.o(.bss.xTasksWaitingTermination) for xTasksWaitingTermination
    tasks.o(.ARM.exidx.text.eTaskGetState) refers to tasks.o(.text.eTaskGetState) for [Anonymous Symbol]
    tasks.o(.text.uxTaskPriorityGet) refers to port.o(.text.vPortEnterCritical) for vPortEnterCritical
    tasks.o(.text.uxTaskPriorityGet) refers to tasks.o(.bss.pxCurrentTCB) for pxCurrentTCB
    tasks.o(.text.uxTaskPriorityGet) refers to port.o(.text.vPortExitCritical) for vPortExitCritical
    tasks.o(.ARM.exidx.text.uxTaskPriorityGet) refers to tasks.o(.text.uxTaskPriorityGet) for [Anonymous Symbol]
    tasks.o(.text.uxTaskPriorityGetFromISR) refers to tasks.o(.bss.pxCurrentTCB) for pxCurrentTCB
    tasks.o(.ARM.exidx.text.uxTaskPriorityGetFromISR) refers to tasks.o(.text.uxTaskPriorityGetFromISR) for [Anonymous Symbol]
    tasks.o(.text.vTaskPrioritySet) refers to port.o(.text.vPortEnterCritical) for vPortEnterCritical
    tasks.o(.text.vTaskPrioritySet) refers to tasks.o(.bss.pxCurrentTCB) for pxCurrentTCB
    tasks.o(.text.vTaskPrioritySet) refers to tasks.o(.bss.pxReadyTasksLists) for pxReadyTasksLists
    tasks.o(.text.vTaskPrioritySet) refers to port.o(.text.vPortExitCritical) for vPortExitCritical
    tasks.o(.text.vTaskPrioritySet) refers to list.o(.text.uxListRemove) for uxListRemove
    tasks.o(.text.vTaskPrioritySet) refers to tasks.o(.bss.uxTopReadyPriority) for uxTopReadyPriority
    tasks.o(.text.vTaskPrioritySet) refers to list.o(.text.vListInsertEnd) for vListInsertEnd
    tasks.o(.ARM.exidx.text.vTaskPrioritySet) refers to tasks.o(.text.vTaskPrioritySet) for [Anonymous Symbol]
    tasks.o(.text.vTaskSuspend) refers to port.o(.text.vPortEnterCritical) for vPortEnterCritical
    tasks.o(.text.vTaskSuspend) refers to tasks.o(.bss.pxCurrentTCB) for pxCurrentTCB
    tasks.o(.text.vTaskSuspend) refers to list.o(.text.uxListRemove) for uxListRemove
    tasks.o(.text.vTaskSuspend) refers to tasks.o(.bss.xSuspendedTaskList) for xSuspendedTaskList
    tasks.o(.text.vTaskSuspend) refers to list.o(.text.vListInsertEnd) for vListInsertEnd
    tasks.o(.text.vTaskSuspend) refers to port.o(.text.vPortExitCritical) for vPortExitCritical
    tasks.o(.text.vTaskSuspend) refers to tasks.o(.bss.xSchedulerRunning) for xSchedulerRunning
    tasks.o(.text.vTaskSuspend) refers to tasks.o(.text.prvResetNextTaskUnblockTime) for prvResetNextTaskUnblockTime
    tasks.o(.text.vTaskSuspend) refers to tasks.o(.bss.uxCurrentNumberOfTasks) for uxCurrentNumberOfTasks
    tasks.o(.text.vTaskSuspend) refers to tasks.o(.text.vTaskSwitchContext) for vTaskSwitchContext
    tasks.o(.ARM.exidx.text.vTaskSuspend) refers to tasks.o(.text.vTaskSuspend) for [Anonymous Symbol]
    tasks.o(.text.vTaskSwitchContext) refers to tasks.o(.bss.uxSchedulerSuspended) for uxSchedulerSuspended
    tasks.o(.text.vTaskSwitchContext) refers to tasks.o(.bss.xYieldPending) for xYieldPending
    tasks.o(.text.vTaskSwitchContext) refers to tasks.o(.bss.pxCurrentTCB) for pxCurrentTCB
    tasks.o(.text.vTaskSwitchContext) refers to cmsis_os2.o(.text.vApplicationStackOverflowHook) for vApplicationStackOverflowHook
    tasks.o(.text.vTaskSwitchContext) refers to tasks.o(.bss.uxTopReadyPriority) for uxTopReadyPriority
    tasks.o(.text.vTaskSwitchContext) refers to tasks.o(.bss.pxReadyTasksLists) for pxReadyTasksLists
    tasks.o(.ARM.exidx.text.vTaskSwitchContext) refers to tasks.o(.text.vTaskSwitchContext) for [Anonymous Symbol]
    tasks.o(.text.vTaskResume) refers to tasks.o(.bss.pxCurrentTCB) for pxCurrentTCB
    tasks.o(.text.vTaskResume) refers to port.o(.text.vPortEnterCritical) for vPortEnterCritical
    tasks.o(.text.vTaskResume) refers to tasks.o(.text.prvTaskIsTaskSuspended) for prvTaskIsTaskSuspended
    tasks.o(.text.vTaskResume) refers to list.o(.text.uxListRemove) for uxListRemove
    tasks.o(.text.vTaskResume) refers to tasks.o(.bss.uxTopReadyPriority) for uxTopReadyPriority
    tasks.o(.text.vTaskResume) refers to tasks.o(.bss.pxReadyTasksLists) for pxReadyTasksLists
    tasks.o(.text.vTaskResume) refers to list.o(.text.vListInsertEnd) for vListInsertEnd
    tasks.o(.text.vTaskResume) refers to port.o(.text.vPortExitCritical) for vPortExitCritical
    tasks.o(.ARM.exidx.text.vTaskResume) refers to tasks.o(.text.vTaskResume) for [Anonymous Symbol]
    tasks.o(.text.prvTaskIsTaskSuspended) refers to tasks.o(.bss.xSuspendedTaskList) for xSuspendedTaskList
    tasks.o(.ARM.exidx.text.prvTaskIsTaskSuspended) refers to tasks.o(.text.prvTaskIsTaskSuspended) for [Anonymous Symbol]
    tasks.o(.text.xTaskResumeFromISR) refers to tasks.o(.text.prvTaskIsTaskSuspended) for prvTaskIsTaskSuspended
    tasks.o(.text.xTaskResumeFromISR) refers to tasks.o(.bss.uxSchedulerSuspended) for uxSchedulerSuspended
    tasks.o(.text.xTaskResumeFromISR) refers to tasks.o(.bss.xPendingReadyList) for xPendingReadyList
    tasks.o(.text.xTaskResumeFromISR) refers to list.o(.text.vListInsertEnd) for vListInsertEnd
    tasks.o(.text.xTaskResumeFromISR) refers to tasks.o(.bss.pxCurrentTCB) for pxCurrentTCB
    tasks.o(.text.xTaskResumeFromISR) refers to list.o(.text.uxListRemove) for uxListRemove
    tasks.o(.text.xTaskResumeFromISR) refers to tasks.o(.bss.uxTopReadyPriority) for uxTopReadyPriority
    tasks.o(.text.xTaskResumeFromISR) refers to tasks.o(.bss.pxReadyTasksLists) for pxReadyTasksLists
    tasks.o(.ARM.exidx.text.xTaskResumeFromISR) refers to tasks.o(.text.xTaskResumeFromISR) for [Anonymous Symbol]
    tasks.o(.text.vTaskStartScheduler) refers to cmsis_os2.o(.text.vApplicationGetIdleTaskMemory) for vApplicationGetIdleTaskMemory
    tasks.o(.text.vTaskStartScheduler) refers to tasks.o(.text.prvIdleTask) for prvIdleTask
    tasks.o(.text.vTaskStartScheduler) refers to tasks.o(.text.xTaskCreateStatic) for xTaskCreateStatic
    tasks.o(.text.vTaskStartScheduler) refers to tasks.o(.bss.xIdleTaskHandle) for xIdleTaskHandle
    tasks.o(.text.vTaskStartScheduler) refers to timers.o(.text.xTimerCreateTimerTask) for xTimerCreateTimerTask
    tasks.o(.text.vTaskStartScheduler) refers to tasks.o(.bss.xNextTaskUnblockTime) for xNextTaskUnblockTime
    tasks.o(.text.vTaskStartScheduler) refers to tasks.o(.bss.xSchedulerRunning) for xSchedulerRunning
    tasks.o(.text.vTaskStartScheduler) refers to tasks.o(.bss.xTickCount) for xTickCount
    tasks.o(.text.vTaskStartScheduler) refers to port.o(.text.xPortStartScheduler) for xPortStartScheduler
    tasks.o(.ARM.exidx.text.vTaskStartScheduler) refers to tasks.o(.text.vTaskStartScheduler) for [Anonymous Symbol]
    tasks.o(.text.prvIdleTask) refers to tasks.o(.bss.pxReadyTasksLists) for pxReadyTasksLists
    tasks.o(.text.prvIdleTask) refers to tasks.o(.text.prvCheckTasksWaitingTermination) for prvCheckTasksWaitingTermination
    tasks.o(.ARM.exidx.text.prvIdleTask) refers to tasks.o(.text.prvIdleTask) for [Anonymous Symbol]
    tasks.o(.text.vTaskEndScheduler) refers to tasks.o(.bss.xSchedulerRunning) for xSchedulerRunning
    tasks.o(.text.vTaskEndScheduler) refers to port.o(.text.vPortEndScheduler) for vPortEndScheduler
    tasks.o(.ARM.exidx.text.vTaskEndScheduler) refers to tasks.o(.text.vTaskEndScheduler) for [Anonymous Symbol]
    tasks.o(.text.xTaskIncrementTick) refers to tasks.o(.bss.uxSchedulerSuspended) for uxSchedulerSuspended
    tasks.o(.text.xTaskIncrementTick) refers to tasks.o(.bss.xPendedTicks) for xPendedTicks
    tasks.o(.text.xTaskIncrementTick) refers to tasks.o(.bss.xTickCount) for xTickCount
    tasks.o(.text.xTaskIncrementTick) refers to tasks.o(.bss.pxDelayedTaskList) for pxDelayedTaskList
    tasks.o(.text.xTaskIncrementTick) refers to tasks.o(.bss.pxOverflowDelayedTaskList) for pxOverflowDelayedTaskList
    tasks.o(.text.xTaskIncrementTick) refers to tasks.o(.bss.xNumOfOverflows) for xNumOfOverflows
    tasks.o(.text.xTaskIncrementTick) refers to tasks.o(.text.prvResetNextTaskUnblockTime) for prvResetNextTaskUnblockTime
    tasks.o(.text.xTaskIncrementTick) refers to tasks.o(.bss.xNextTaskUnblockTime) for xNextTaskUnblockTime
    tasks.o(.text.xTaskIncrementTick) refers to tasks.o(.bss.pxCurrentTCB) for pxCurrentTCB
    tasks.o(.text.xTaskIncrementTick) refers to tasks.o(.bss.pxReadyTasksLists) for pxReadyTasksLists
    tasks.o(.text.xTaskIncrementTick) refers to tasks.o(.bss.uxTopReadyPriority) for uxTopReadyPriority
    tasks.o(.text.xTaskIncrementTick) refers to list.o(.text.vListInsertEnd) for vListInsertEnd
    tasks.o(.text.xTaskIncrementTick) refers to list.o(.text.uxListRemove) for uxListRemove
    tasks.o(.text.xTaskIncrementTick) refers to tasks.o(.bss.xYieldPending) for xYieldPending
    tasks.o(.ARM.exidx.text.xTaskIncrementTick) refers to tasks.o(.text.xTaskIncrementTick) for [Anonymous Symbol]
    tasks.o(.text.xTaskGetTickCount) refers to tasks.o(.bss.xTickCount) for xTickCount
    tasks.o(.ARM.exidx.text.xTaskGetTickCount) refers to tasks.o(.text.xTaskGetTickCount) for [Anonymous Symbol]
    tasks.o(.text.xTaskGetTickCountFromISR) refers to tasks.o(.bss.xTickCount) for xTickCount
    tasks.o(.ARM.exidx.text.xTaskGetTickCountFromISR) refers to tasks.o(.text.xTaskGetTickCountFromISR) for [Anonymous Symbol]
    tasks.o(.text.uxTaskGetNumberOfTasks) refers to tasks.o(.bss.uxCurrentNumberOfTasks) for uxCurrentNumberOfTasks
    tasks.o(.ARM.exidx.text.uxTaskGetNumberOfTasks) refers to tasks.o(.text.uxTaskGetNumberOfTasks) for [Anonymous Symbol]
    tasks.o(.text.pcTaskGetName) refers to tasks.o(.bss.pxCurrentTCB) for pxCurrentTCB
    tasks.o(.ARM.exidx.text.pcTaskGetName) refers to tasks.o(.text.pcTaskGetName) for [Anonymous Symbol]
    tasks.o(.text.uxTaskGetSystemState) refers to tasks.o(.text.vTaskSuspendAll) for vTaskSuspendAll
    tasks.o(.text.uxTaskGetSystemState) refers to tasks.o(.bss.uxCurrentNumberOfTasks) for uxCurrentNumberOfTasks
    tasks.o(.text.uxTaskGetSystemState) refers to tasks.o(.bss.pxReadyTasksLists) for pxReadyTasksLists
    tasks.o(.text.uxTaskGetSystemState) refers to tasks.o(.text.prvListTasksWithinSingleList) for prvListTasksWithinSingleList
    tasks.o(.text.uxTaskGetSystemState) refers to tasks.o(.bss.pxDelayedTaskList) for pxDelayedTaskList
    tasks.o(.text.uxTaskGetSystemState) refers to tasks.o(.bss.pxOverflowDelayedTaskList) for pxOverflowDelayedTaskList
    tasks.o(.text.uxTaskGetSystemState) refers to tasks.o(.bss.xTasksWaitingTermination) for xTasksWaitingTermination
    tasks.o(.text.uxTaskGetSystemState) refers to tasks.o(.bss.xSuspendedTaskList) for xSuspendedTaskList
    tasks.o(.text.uxTaskGetSystemState) refers to tasks.o(.text.xTaskResumeAll) for xTaskResumeAll
    tasks.o(.ARM.exidx.text.uxTaskGetSystemState) refers to tasks.o(.text.uxTaskGetSystemState) for [Anonymous Symbol]
    tasks.o(.text.prvListTasksWithinSingleList) refers to tasks.o(.text.vTaskGetInfo) for vTaskGetInfo
    tasks.o(.ARM.exidx.text.prvListTasksWithinSingleList) refers to tasks.o(.text.prvListTasksWithinSingleList) for [Anonymous Symbol]
    tasks.o(.text.xTaskCatchUpTicks) refers to tasks.o(.text.vTaskSuspendAll) for vTaskSuspendAll
    tasks.o(.text.xTaskCatchUpTicks) refers to tasks.o(.bss.xPendedTicks) for xPendedTicks
    tasks.o(.text.xTaskCatchUpTicks) refers to tasks.o(.text.xTaskResumeAll) for xTaskResumeAll
    tasks.o(.ARM.exidx.text.xTaskCatchUpTicks) refers to tasks.o(.text.xTaskCatchUpTicks) for [Anonymous Symbol]
    tasks.o(.text.vTaskPlaceOnEventList) refers to tasks.o(.bss.pxCurrentTCB) for pxCurrentTCB
    tasks.o(.text.vTaskPlaceOnEventList) refers to list.o(.text.vListInsert) for vListInsert
    tasks.o(.text.vTaskPlaceOnEventList) refers to tasks.o(.text.prvAddCurrentTaskToDelayedList) for prvAddCurrentTaskToDelayedList
    tasks.o(.ARM.exidx.text.vTaskPlaceOnEventList) refers to tasks.o(.text.vTaskPlaceOnEventList) for [Anonymous Symbol]
    tasks.o(.text.vTaskPlaceOnUnorderedEventList) refers to tasks.o(.bss.pxCurrentTCB) for pxCurrentTCB
    tasks.o(.text.vTaskPlaceOnUnorderedEventList) refers to list.o(.text.vListInsertEnd) for vListInsertEnd
    tasks.o(.text.vTaskPlaceOnUnorderedEventList) refers to tasks.o(.text.prvAddCurrentTaskToDelayedList) for prvAddCurrentTaskToDelayedList
    tasks.o(.ARM.exidx.text.vTaskPlaceOnUnorderedEventList) refers to tasks.o(.text.vTaskPlaceOnUnorderedEventList) for [Anonymous Symbol]
    tasks.o(.text.vTaskPlaceOnEventListRestricted) refers to tasks.o(.bss.pxCurrentTCB) for pxCurrentTCB
    tasks.o(.text.vTaskPlaceOnEventListRestricted) refers to list.o(.text.vListInsertEnd) for vListInsertEnd
    tasks.o(.text.vTaskPlaceOnEventListRestricted) refers to tasks.o(.text.prvAddCurrentTaskToDelayedList) for prvAddCurrentTaskToDelayedList
    tasks.o(.ARM.exidx.text.vTaskPlaceOnEventListRestricted) refers to tasks.o(.text.vTaskPlaceOnEventListRestricted) for [Anonymous Symbol]
    tasks.o(.text.xTaskRemoveFromEventList) refers to list.o(.text.uxListRemove) for uxListRemove
    tasks.o(.text.xTaskRemoveFromEventList) refers to tasks.o(.bss.uxSchedulerSuspended) for uxSchedulerSuspended
    tasks.o(.text.xTaskRemoveFromEventList) refers to tasks.o(.bss.xPendingReadyList) for xPendingReadyList
    tasks.o(.text.xTaskRemoveFromEventList) refers to tasks.o(.bss.uxTopReadyPriority) for uxTopReadyPriority
    tasks.o(.text.xTaskRemoveFromEventList) refers to tasks.o(.bss.pxReadyTasksLists) for pxReadyTasksLists
    tasks.o(.text.xTaskRemoveFromEventList) refers to list.o(.text.vListInsertEnd) for vListInsertEnd
    tasks.o(.text.xTaskRemoveFromEventList) refers to tasks.o(.bss.pxCurrentTCB) for pxCurrentTCB
    tasks.o(.text.xTaskRemoveFromEventList) refers to tasks.o(.bss.xYieldPending) for xYieldPending
    tasks.o(.ARM.exidx.text.xTaskRemoveFromEventList) refers to tasks.o(.text.xTaskRemoveFromEventList) for [Anonymous Symbol]
    tasks.o(.text.vTaskRemoveFromUnorderedEventList) refers to list.o(.text.uxListRemove) for uxListRemove
    tasks.o(.text.vTaskRemoveFromUnorderedEventList) refers to tasks.o(.bss.uxTopReadyPriority) for uxTopReadyPriority
    tasks.o(.text.vTaskRemoveFromUnorderedEventList) refers to tasks.o(.bss.pxReadyTasksLists) for pxReadyTasksLists
    tasks.o(.text.vTaskRemoveFromUnorderedEventList) refers to list.o(.text.vListInsertEnd) for vListInsertEnd
    tasks.o(.text.vTaskRemoveFromUnorderedEventList) refers to tasks.o(.bss.pxCurrentTCB) for pxCurrentTCB
    tasks.o(.text.vTaskRemoveFromUnorderedEventList) refers to tasks.o(.bss.xYieldPending) for xYieldPending
    tasks.o(.ARM.exidx.text.vTaskRemoveFromUnorderedEventList) refers to tasks.o(.text.vTaskRemoveFromUnorderedEventList) for [Anonymous Symbol]
    tasks.o(.text.vTaskSetTimeOutState) refers to port.o(.text.vPortEnterCritical) for vPortEnterCritical
    tasks.o(.text.vTaskSetTimeOutState) refers to tasks.o(.bss.xNumOfOverflows) for xNumOfOverflows
    tasks.o(.text.vTaskSetTimeOutState) refers to tasks.o(.bss.xTickCount) for xTickCount
    tasks.o(.text.vTaskSetTimeOutState) refers to port.o(.text.vPortExitCritical) for vPortExitCritical
    tasks.o(.ARM.exidx.text.vTaskSetTimeOutState) refers to tasks.o(.text.vTaskSetTimeOutState) for [Anonymous Symbol]
    tasks.o(.text.vTaskInternalSetTimeOutState) refers to tasks.o(.bss.xNumOfOverflows) for xNumOfOverflows
    tasks.o(.text.vTaskInternalSetTimeOutState) refers to tasks.o(.bss.xTickCount) for xTickCount
    tasks.o(.ARM.exidx.text.vTaskInternalSetTimeOutState) refers to tasks.o(.text.vTaskInternalSetTimeOutState) for [Anonymous Symbol]
    tasks.o(.text.xTaskCheckForTimeOut) refers to port.o(.text.vPortEnterCritical) for vPortEnterCritical
    tasks.o(.text.xTaskCheckForTimeOut) refers to tasks.o(.bss.xTickCount) for xTickCount
    tasks.o(.text.xTaskCheckForTimeOut) refers to tasks.o(.bss.xNumOfOverflows) for xNumOfOverflows
    tasks.o(.text.xTaskCheckForTimeOut) refers to tasks.o(.text.vTaskInternalSetTimeOutState) for vTaskInternalSetTimeOutState
    tasks.o(.text.xTaskCheckForTimeOut) refers to port.o(.text.vPortExitCritical) for vPortExitCritical
    tasks.o(.ARM.exidx.text.xTaskCheckForTimeOut) refers to tasks.o(.text.xTaskCheckForTimeOut) for [Anonymous Symbol]
    tasks.o(.text.vTaskMissedYield) refers to tasks.o(.bss.xYieldPending) for xYieldPending
    tasks.o(.ARM.exidx.text.vTaskMissedYield) refers to tasks.o(.text.vTaskMissedYield) for [Anonymous Symbol]
    tasks.o(.ARM.exidx.text.uxTaskGetTaskNumber) refers to tasks.o(.text.uxTaskGetTaskNumber) for [Anonymous Symbol]
    tasks.o(.ARM.exidx.text.vTaskSetTaskNumber) refers to tasks.o(.text.vTaskSetTaskNumber) for [Anonymous Symbol]
    tasks.o(.text.vTaskGetInfo) refers to tasks.o(.bss.pxCurrentTCB) for pxCurrentTCB
    tasks.o(.text.vTaskGetInfo) refers to tasks.o(.text.eTaskGetState) for eTaskGetState
    tasks.o(.text.vTaskGetInfo) refers to tasks.o(.text.vTaskSuspendAll) for vTaskSuspendAll
    tasks.o(.text.vTaskGetInfo) refers to tasks.o(.text.xTaskResumeAll) for xTaskResumeAll
    tasks.o(.text.vTaskGetInfo) refers to tasks.o(.text.prvTaskCheckFreeStackSpace) for prvTaskCheckFreeStackSpace
    tasks.o(.ARM.exidx.text.vTaskGetInfo) refers to tasks.o(.text.vTaskGetInfo) for [Anonymous Symbol]
    tasks.o(.ARM.exidx.text.prvTaskCheckFreeStackSpace) refers to tasks.o(.text.prvTaskCheckFreeStackSpace) for [Anonymous Symbol]
    tasks.o(.text.uxTaskGetStackHighWaterMark) refers to tasks.o(.bss.pxCurrentTCB) for pxCurrentTCB
    tasks.o(.text.uxTaskGetStackHighWaterMark) refers to tasks.o(.text.prvTaskCheckFreeStackSpace) for prvTaskCheckFreeStackSpace
    tasks.o(.ARM.exidx.text.uxTaskGetStackHighWaterMark) refers to tasks.o(.text.uxTaskGetStackHighWaterMark) for [Anonymous Symbol]
    tasks.o(.text.xTaskGetCurrentTaskHandle) refers to tasks.o(.bss.pxCurrentTCB) for pxCurrentTCB
    tasks.o(.ARM.exidx.text.xTaskGetCurrentTaskHandle) refers to tasks.o(.text.xTaskGetCurrentTaskHandle) for [Anonymous Symbol]
    tasks.o(.text.xTaskGetSchedulerState) refers to tasks.o(.bss.xSchedulerRunning) for xSchedulerRunning
    tasks.o(.text.xTaskGetSchedulerState) refers to tasks.o(.bss.uxSchedulerSuspended) for uxSchedulerSuspended
    tasks.o(.ARM.exidx.text.xTaskGetSchedulerState) refers to tasks.o(.text.xTaskGetSchedulerState) for [Anonymous Symbol]
    tasks.o(.text.xTaskPriorityInherit) refers to tasks.o(.bss.pxCurrentTCB) for pxCurrentTCB
    tasks.o(.text.xTaskPriorityInherit) refers to tasks.o(.bss.pxReadyTasksLists) for pxReadyTasksLists
    tasks.o(.text.xTaskPriorityInherit) refers to list.o(.text.uxListRemove) for uxListRemove
    tasks.o(.text.xTaskPriorityInherit) refers to tasks.o(.bss.uxTopReadyPriority) for uxTopReadyPriority
    tasks.o(.text.xTaskPriorityInherit) refers to list.o(.text.vListInsertEnd) for vListInsertEnd
    tasks.o(.ARM.exidx.text.xTaskPriorityInherit) refers to tasks.o(.text.xTaskPriorityInherit) for [Anonymous Symbol]
    tasks.o(.text.xTaskPriorityDisinherit) refers to list.o(.text.uxListRemove) for uxListRemove
    tasks.o(.text.xTaskPriorityDisinherit) refers to tasks.o(.bss.uxTopReadyPriority) for uxTopReadyPriority
    tasks.o(.text.xTaskPriorityDisinherit) refers to tasks.o(.bss.pxReadyTasksLists) for pxReadyTasksLists
    tasks.o(.text.xTaskPriorityDisinherit) refers to list.o(.text.vListInsertEnd) for vListInsertEnd
    tasks.o(.ARM.exidx.text.xTaskPriorityDisinherit) refers to tasks.o(.text.xTaskPriorityDisinherit) for [Anonymous Symbol]
    tasks.o(.text.vTaskPriorityDisinheritAfterTimeout) refers to tasks.o(.bss.pxReadyTasksLists) for pxReadyTasksLists
    tasks.o(.text.vTaskPriorityDisinheritAfterTimeout) refers to list.o(.text.uxListRemove) for uxListRemove
    tasks.o(.text.vTaskPriorityDisinheritAfterTimeout) refers to tasks.o(.bss.uxTopReadyPriority) for uxTopReadyPriority
    tasks.o(.text.vTaskPriorityDisinheritAfterTimeout) refers to list.o(.text.vListInsertEnd) for vListInsertEnd
    tasks.o(.ARM.exidx.text.vTaskPriorityDisinheritAfterTimeout) refers to tasks.o(.text.vTaskPriorityDisinheritAfterTimeout) for [Anonymous Symbol]
    tasks.o(.text.uxTaskResetEventItemValue) refers to tasks.o(.bss.pxCurrentTCB) for pxCurrentTCB
    tasks.o(.ARM.exidx.text.uxTaskResetEventItemValue) refers to tasks.o(.text.uxTaskResetEventItemValue) for [Anonymous Symbol]
    tasks.o(.text.pvTaskIncrementMutexHeldCount) refers to tasks.o(.bss.pxCurrentTCB) for pxCurrentTCB
    tasks.o(.ARM.exidx.text.pvTaskIncrementMutexHeldCount) refers to tasks.o(.text.pvTaskIncrementMutexHeldCount) for [Anonymous Symbol]
    tasks.o(.text.ulTaskNotifyTake) refers to port.o(.text.vPortEnterCritical) for vPortEnterCritical
    tasks.o(.text.ulTaskNotifyTake) refers to tasks.o(.bss.pxCurrentTCB) for pxCurrentTCB
    tasks.o(.text.ulTaskNotifyTake) refers to tasks.o(.text.prvAddCurrentTaskToDelayedList) for prvAddCurrentTaskToDelayedList
    tasks.o(.text.ulTaskNotifyTake) refers to port.o(.text.vPortExitCritical) for vPortExitCritical
    tasks.o(.ARM.exidx.text.ulTaskNotifyTake) refers to tasks.o(.text.ulTaskNotifyTake) for [Anonymous Symbol]
    tasks.o(.text.xTaskNotifyWait) refers to port.o(.text.vPortEnterCritical) for vPortEnterCritical
    tasks.o(.text.xTaskNotifyWait) refers to tasks.o(.bss.pxCurrentTCB) for pxCurrentTCB
    tasks.o(.text.xTaskNotifyWait) refers to tasks.o(.text.prvAddCurrentTaskToDelayedList) for prvAddCurrentTaskToDelayedList
    tasks.o(.text.xTaskNotifyWait) refers to port.o(.text.vPortExitCritical) for vPortExitCritical
    tasks.o(.ARM.exidx.text.xTaskNotifyWait) refers to tasks.o(.text.xTaskNotifyWait) for [Anonymous Symbol]
    tasks.o(.text.xTaskGenericNotify) refers to port.o(.text.vPortEnterCritical) for vPortEnterCritical
    tasks.o(.text.xTaskGenericNotify) refers to list.o(.text.uxListRemove) for uxListRemove
    tasks.o(.text.xTaskGenericNotify) refers to tasks.o(.bss.uxTopReadyPriority) for uxTopReadyPriority
    tasks.o(.text.xTaskGenericNotify) refers to tasks.o(.bss.pxReadyTasksLists) for pxReadyTasksLists
    tasks.o(.text.xTaskGenericNotify) refers to list.o(.text.vListInsertEnd) for vListInsertEnd
    tasks.o(.text.xTaskGenericNotify) refers to tasks.o(.bss.pxCurrentTCB) for pxCurrentTCB
    tasks.o(.text.xTaskGenericNotify) refers to port.o(.text.vPortExitCritical) for vPortExitCritical
    tasks.o(.ARM.exidx.text.xTaskGenericNotify) refers to tasks.o(.text.xTaskGenericNotify) for [Anonymous Symbol]
    tasks.o(.text.xTaskGenericNotifyFromISR) refers to tasks.o(.bss.uxSchedulerSuspended) for uxSchedulerSuspended
    tasks.o(.text.xTaskGenericNotifyFromISR) refers to tasks.o(.bss.xPendingReadyList) for xPendingReadyList
    tasks.o(.text.xTaskGenericNotifyFromISR) refers to list.o(.text.uxListRemove) for uxListRemove
    tasks.o(.text.xTaskGenericNotifyFromISR) refers to tasks.o(.bss.uxTopReadyPriority) for uxTopReadyPriority
    tasks.o(.text.xTaskGenericNotifyFromISR) refers to tasks.o(.bss.pxReadyTasksLists) for pxReadyTasksLists
    tasks.o(.text.xTaskGenericNotifyFromISR) refers to list.o(.text.vListInsertEnd) for vListInsertEnd
    tasks.o(.text.xTaskGenericNotifyFromISR) refers to tasks.o(.bss.pxCurrentTCB) for pxCurrentTCB
    tasks.o(.text.xTaskGenericNotifyFromISR) refers to tasks.o(.bss.xYieldPending) for xYieldPending
    tasks.o(.ARM.exidx.text.xTaskGenericNotifyFromISR) refers to tasks.o(.text.xTaskGenericNotifyFromISR) for [Anonymous Symbol]
    tasks.o(.text.vTaskNotifyGiveFromISR) refers to tasks.o(.bss.uxSchedulerSuspended) for uxSchedulerSuspended
    tasks.o(.text.vTaskNotifyGiveFromISR) refers to tasks.o(.bss.xPendingReadyList) for xPendingReadyList
    tasks.o(.text.vTaskNotifyGiveFromISR) refers to list.o(.text.uxListRemove) for uxListRemove
    tasks.o(.text.vTaskNotifyGiveFromISR) refers to tasks.o(.bss.uxTopReadyPriority) for uxTopReadyPriority
    tasks.o(.text.vTaskNotifyGiveFromISR) refers to tasks.o(.bss.pxReadyTasksLists) for pxReadyTasksLists
    tasks.o(.text.vTaskNotifyGiveFromISR) refers to list.o(.text.vListInsertEnd) for vListInsertEnd
    tasks.o(.text.vTaskNotifyGiveFromISR) refers to tasks.o(.bss.pxCurrentTCB) for pxCurrentTCB
    tasks.o(.text.vTaskNotifyGiveFromISR) refers to tasks.o(.bss.xYieldPending) for xYieldPending
    tasks.o(.ARM.exidx.text.vTaskNotifyGiveFromISR) refers to tasks.o(.text.vTaskNotifyGiveFromISR) for [Anonymous Symbol]
    tasks.o(.text.xTaskNotifyStateClear) refers to tasks.o(.bss.pxCurrentTCB) for pxCurrentTCB
    tasks.o(.text.xTaskNotifyStateClear) refers to port.o(.text.vPortEnterCritical) for vPortEnterCritical
    tasks.o(.text.xTaskNotifyStateClear) refers to port.o(.text.vPortExitCritical) for vPortExitCritical
    tasks.o(.ARM.exidx.text.xTaskNotifyStateClear) refers to tasks.o(.text.xTaskNotifyStateClear) for [Anonymous Symbol]
    tasks.o(.text.ulTaskNotifyValueClear) refers to tasks.o(.bss.pxCurrentTCB) for pxCurrentTCB
    tasks.o(.text.ulTaskNotifyValueClear) refers to port.o(.text.vPortEnterCritical) for vPortEnterCritical
    tasks.o(.text.ulTaskNotifyValueClear) refers to port.o(.text.vPortExitCritical) for vPortExitCritical
    tasks.o(.ARM.exidx.text.ulTaskNotifyValueClear) refers to tasks.o(.text.ulTaskNotifyValueClear) for [Anonymous Symbol]
    tasks.o(.text.prvInitialiseTaskLists) refers to tasks.o(.bss.pxReadyTasksLists) for pxReadyTasksLists
    tasks.o(.text.prvInitialiseTaskLists) refers to list.o(.text.vListInitialise) for vListInitialise
    tasks.o(.text.prvInitialiseTaskLists) refers to tasks.o(.bss.xDelayedTaskList1) for xDelayedTaskList1
    tasks.o(.text.prvInitialiseTaskLists) refers to tasks.o(.bss.xDelayedTaskList2) for xDelayedTaskList2
    tasks.o(.text.prvInitialiseTaskLists) refers to tasks.o(.bss.xPendingReadyList) for xPendingReadyList
    tasks.o(.text.prvInitialiseTaskLists) refers to tasks.o(.bss.xTasksWaitingTermination) for xTasksWaitingTermination
    tasks.o(.text.prvInitialiseTaskLists) refers to tasks.o(.bss.xSuspendedTaskList) for xSuspendedTaskList
    tasks.o(.text.prvInitialiseTaskLists) refers to tasks.o(.bss.pxDelayedTaskList) for pxDelayedTaskList
    tasks.o(.text.prvInitialiseTaskLists) refers to tasks.o(.bss.pxOverflowDelayedTaskList) for pxOverflowDelayedTaskList
    tasks.o(.ARM.exidx.text.prvInitialiseTaskLists) refers to tasks.o(.text.prvInitialiseTaskLists) for [Anonymous Symbol]
    tasks.o(.text.prvCheckTasksWaitingTermination) refers to tasks.o(.bss.uxDeletedTasksWaitingCleanUp) for uxDeletedTasksWaitingCleanUp
    tasks.o(.text.prvCheckTasksWaitingTermination) refers to tasks.o(.bss.xTasksWaitingTermination) for xTasksWaitingTermination
    tasks.o(.text.prvCheckTasksWaitingTermination) refers to tasks.o(.bss.uxCurrentNumberOfTasks) for uxCurrentNumberOfTasks
    tasks.o(.text.prvCheckTasksWaitingTermination) refers to port.o(.text.vPortEnterCritical) for vPortEnterCritical
    tasks.o(.text.prvCheckTasksWaitingTermination) refers to list.o(.text.uxListRemove) for uxListRemove
    tasks.o(.text.prvCheckTasksWaitingTermination) refers to port.o(.text.vPortExitCritical) for vPortExitCritical
    tasks.o(.text.prvCheckTasksWaitingTermination) refers to tasks.o(.text.prvDeleteTCB) for prvDeleteTCB
    tasks.o(.ARM.exidx.text.prvCheckTasksWaitingTermination) refers to tasks.o(.text.prvCheckTasksWaitingTermination) for [Anonymous Symbol]
    timers.o(.text.xTimerCreateTimerTask) refers to timers.o(.text.prvCheckForValidListAndQueue) for prvCheckForValidListAndQueue
    timers.o(.text.xTimerCreateTimerTask) refers to timers.o(.bss.xTimerQueue) for xTimerQueue
    timers.o(.text.xTimerCreateTimerTask) refers to cmsis_os2.o(.text.vApplicationGetTimerTaskMemory) for vApplicationGetTimerTaskMemory
    timers.o(.text.xTimerCreateTimerTask) refers to timers.o(.text.prvTimerTask) for prvTimerTask
    timers.o(.text.xTimerCreateTimerTask) refers to tasks.o(.text.xTaskCreateStatic) for xTaskCreateStatic
    timers.o(.text.xTimerCreateTimerTask) refers to timers.o(.bss.xTimerTaskHandle) for xTimerTaskHandle
    timers.o(.ARM.exidx.text.xTimerCreateTimerTask) refers to timers.o(.text.xTimerCreateTimerTask) for [Anonymous Symbol]
    timers.o(.text.prvCheckForValidListAndQueue) refers to port.o(.text.vPortEnterCritical) for vPortEnterCritical
    timers.o(.text.prvCheckForValidListAndQueue) refers to timers.o(.bss.xTimerQueue) for xTimerQueue
    timers.o(.text.prvCheckForValidListAndQueue) refers to timers.o(.bss.xActiveTimerList1) for xActiveTimerList1
    timers.o(.text.prvCheckForValidListAndQueue) refers to list.o(.text.vListInitialise) for vListInitialise
    timers.o(.text.prvCheckForValidListAndQueue) refers to timers.o(.bss.xActiveTimerList2) for xActiveTimerList2
    timers.o(.text.prvCheckForValidListAndQueue) refers to timers.o(.bss.pxCurrentTimerList) for pxCurrentTimerList
    timers.o(.text.prvCheckForValidListAndQueue) refers to timers.o(.bss.pxOverflowTimerList) for pxOverflowTimerList
    timers.o(.text.prvCheckForValidListAndQueue) refers to timers.o(.bss.prvCheckForValidListAndQueue.ucStaticTimerQueueStorage) for prvCheckForValidListAndQueue.ucStaticTimerQueueStorage
    timers.o(.text.prvCheckForValidListAndQueue) refers to timers.o(.bss.prvCheckForValidListAndQueue.xStaticTimerQueue) for prvCheckForValidListAndQueue.xStaticTimerQueue
    timers.o(.text.prvCheckForValidListAndQueue) refers to queue.o(.text.xQueueGenericCreateStatic) for xQueueGenericCreateStatic
    timers.o(.text.prvCheckForValidListAndQueue) refers to port.o(.text.vPortExitCritical) for vPortExitCritical
    timers.o(.ARM.exidx.text.prvCheckForValidListAndQueue) refers to timers.o(.text.prvCheckForValidListAndQueue) for [Anonymous Symbol]
    timers.o(.text.prvTimerTask) refers to timers.o(.text.prvGetNextExpireTime) for prvGetNextExpireTime
    timers.o(.text.prvTimerTask) refers to timers.o(.text.prvProcessTimerOrBlockTask) for prvProcessTimerOrBlockTask
    timers.o(.text.prvTimerTask) refers to timers.o(.text.prvProcessReceivedCommands) for prvProcessReceivedCommands
    timers.o(.ARM.exidx.text.prvTimerTask) refers to timers.o(.text.prvTimerTask) for [Anonymous Symbol]
    timers.o(.text.xTimerCreate) refers to heap_4.o(.text.pvPortMalloc) for pvPortMalloc
    timers.o(.text.xTimerCreate) refers to timers.o(.text.prvInitialiseNewTimer) for prvInitialiseNewTimer
    timers.o(.ARM.exidx.text.xTimerCreate) refers to timers.o(.text.xTimerCreate) for [Anonymous Symbol]
    timers.o(.text.prvInitialiseNewTimer) refers to timers.o(.text.prvCheckForValidListAndQueue) for prvCheckForValidListAndQueue
    timers.o(.text.prvInitialiseNewTimer) refers to list.o(.text.vListInitialiseItem) for vListInitialiseItem
    timers.o(.ARM.exidx.text.prvInitialiseNewTimer) refers to timers.o(.text.prvInitialiseNewTimer) for [Anonymous Symbol]
    timers.o(.text.xTimerCreateStatic) refers to timers.o(.text.prvInitialiseNewTimer) for prvInitialiseNewTimer
    timers.o(.ARM.exidx.text.xTimerCreateStatic) refers to timers.o(.text.xTimerCreateStatic) for [Anonymous Symbol]
    timers.o(.text.xTimerGenericCommand) refers to timers.o(.bss.xTimerQueue) for xTimerQueue
    timers.o(.text.xTimerGenericCommand) refers to tasks.o(.text.xTaskGetSchedulerState) for xTaskGetSchedulerState
    timers.o(.text.xTimerGenericCommand) refers to queue.o(.text.xQueueGenericSendFromISR) for xQueueGenericSendFromISR
    timers.o(.text.xTimerGenericCommand) refers to queue.o(.text.xQueueGenericSend) for xQueueGenericSend
    timers.o(.ARM.exidx.text.xTimerGenericCommand) refers to timers.o(.text.xTimerGenericCommand) for [Anonymous Symbol]
    timers.o(.text.xTimerGetTimerDaemonTaskHandle) refers to timers.o(.bss.xTimerTaskHandle) for xTimerTaskHandle
    timers.o(.ARM.exidx.text.xTimerGetTimerDaemonTaskHandle) refers to timers.o(.text.xTimerGetTimerDaemonTaskHandle) for [Anonymous Symbol]
    timers.o(.ARM.exidx.text.xTimerGetPeriod) refers to timers.o(.text.xTimerGetPeriod) for [Anonymous Symbol]
    timers.o(.text.vTimerSetReloadMode) refers to port.o(.text.vPortEnterCritical) for vPortEnterCritical
    timers.o(.text.vTimerSetReloadMode) refers to port.o(.text.vPortExitCritical) for vPortExitCritical
    timers.o(.ARM.exidx.text.vTimerSetReloadMode) refers to timers.o(.text.vTimerSetReloadMode) for [Anonymous Symbol]
    timers.o(.text.uxTimerGetReloadMode) refers to port.o(.text.vPortEnterCritical) for vPortEnterCritical
    timers.o(.text.uxTimerGetReloadMode) refers to port.o(.text.vPortExitCritical) for vPortExitCritical
    timers.o(.ARM.exidx.text.uxTimerGetReloadMode) refers to timers.o(.text.uxTimerGetReloadMode) for [Anonymous Symbol]
    timers.o(.ARM.exidx.text.xTimerGetExpiryTime) refers to timers.o(.text.xTimerGetExpiryTime) for [Anonymous Symbol]
    timers.o(.ARM.exidx.text.pcTimerGetName) refers to timers.o(.text.pcTimerGetName) for [Anonymous Symbol]
    timers.o(.text.xTimerIsTimerActive) refers to port.o(.text.vPortEnterCritical) for vPortEnterCritical
    timers.o(.text.xTimerIsTimerActive) refers to port.o(.text.vPortExitCritical) for vPortExitCritical
    timers.o(.ARM.exidx.text.xTimerIsTimerActive) refers to timers.o(.text.xTimerIsTimerActive) for [Anonymous Symbol]
    timers.o(.text.pvTimerGetTimerID) refers to port.o(.text.vPortEnterCritical) for vPortEnterCritical
    timers.o(.text.pvTimerGetTimerID) refers to port.o(.text.vPortExitCritical) for vPortExitCritical
    timers.o(.ARM.exidx.text.pvTimerGetTimerID) refers to timers.o(.text.pvTimerGetTimerID) for [Anonymous Symbol]
    timers.o(.text.vTimerSetTimerID) refers to port.o(.text.vPortEnterCritical) for vPortEnterCritical
    timers.o(.text.vTimerSetTimerID) refers to port.o(.text.vPortExitCritical) for vPortExitCritical
    timers.o(.ARM.exidx.text.vTimerSetTimerID) refers to timers.o(.text.vTimerSetTimerID) for [Anonymous Symbol]
    timers.o(.text.xTimerPendFunctionCallFromISR) refers to timers.o(.bss.xTimerQueue) for xTimerQueue
    timers.o(.text.xTimerPendFunctionCallFromISR) refers to queue.o(.text.xQueueGenericSendFromISR) for xQueueGenericSendFromISR
    timers.o(.ARM.exidx.text.xTimerPendFunctionCallFromISR) refers to timers.o(.text.xTimerPendFunctionCallFromISR) for [Anonymous Symbol]
    timers.o(.text.xTimerPendFunctionCall) refers to timers.o(.bss.xTimerQueue) for xTimerQueue
    timers.o(.text.xTimerPendFunctionCall) refers to queue.o(.text.xQueueGenericSend) for xQueueGenericSend
    timers.o(.ARM.exidx.text.xTimerPendFunctionCall) refers to timers.o(.text.xTimerPendFunctionCall) for [Anonymous Symbol]
    timers.o(.ARM.exidx.text.uxTimerGetTimerNumber) refers to timers.o(.text.uxTimerGetTimerNumber) for [Anonymous Symbol]
    timers.o(.ARM.exidx.text.vTimerSetTimerNumber) refers to timers.o(.text.vTimerSetTimerNumber) for [Anonymous Symbol]
    timers.o(.text.prvGetNextExpireTime) refers to timers.o(.bss.pxCurrentTimerList) for pxCurrentTimerList
    timers.o(.ARM.exidx.text.prvGetNextExpireTime) refers to timers.o(.text.prvGetNextExpireTime) for [Anonymous Symbol]
    timers.o(.text.prvProcessTimerOrBlockTask) refers to tasks.o(.text.vTaskSuspendAll) for vTaskSuspendAll
    timers.o(.text.prvProcessTimerOrBlockTask) refers to timers.o(.text.prvSampleTimeNow) for prvSampleTimeNow
    timers.o(.text.prvProcessTimerOrBlockTask) refers to tasks.o(.text.xTaskResumeAll) for xTaskResumeAll
    timers.o(.text.prvProcessTimerOrBlockTask) refers to timers.o(.text.prvProcessExpiredTimer) for prvProcessExpiredTimer
    timers.o(.text.prvProcessTimerOrBlockTask) refers to timers.o(.bss.pxOverflowTimerList) for pxOverflowTimerList
    timers.o(.text.prvProcessTimerOrBlockTask) refers to timers.o(.bss.xTimerQueue) for xTimerQueue
    timers.o(.text.prvProcessTimerOrBlockTask) refers to queue.o(.text.vQueueWaitForMessageRestricted) for vQueueWaitForMessageRestricted
    timers.o(.ARM.exidx.text.prvProcessTimerOrBlockTask) refers to timers.o(.text.prvProcessTimerOrBlockTask) for [Anonymous Symbol]
    timers.o(.text.prvProcessReceivedCommands) refers to timers.o(.bss.xTimerQueue) for xTimerQueue
    timers.o(.text.prvProcessReceivedCommands) refers to queue.o(.text.xQueueReceive) for xQueueReceive
    timers.o(.text.prvProcessReceivedCommands) refers to list.o(.text.uxListRemove) for uxListRemove
    timers.o(.text.prvProcessReceivedCommands) refers to timers.o(.text.prvSampleTimeNow) for prvSampleTimeNow
    timers.o(.text.prvProcessReceivedCommands) refers to timers.o(.text.prvInsertTimerInActiveList) for prvInsertTimerInActiveList
    timers.o(.text.prvProcessReceivedCommands) refers to timers.o(.text.xTimerGenericCommand) for xTimerGenericCommand
    timers.o(.text.prvProcessReceivedCommands) refers to heap_4.o(.text.vPortFree) for vPortFree
    timers.o(.ARM.exidx.text.prvProcessReceivedCommands) refers to timers.o(.text.prvProcessReceivedCommands) for [Anonymous Symbol]
    timers.o(.text.prvSampleTimeNow) refers to tasks.o(.text.xTaskGetTickCount) for xTaskGetTickCount
    timers.o(.text.prvSampleTimeNow) refers to timers.o(.bss.prvSampleTimeNow.xLastTime) for prvSampleTimeNow.xLastTime
    timers.o(.text.prvSampleTimeNow) refers to timers.o(.text.prvSwitchTimerLists) for prvSwitchTimerLists
    timers.o(.ARM.exidx.text.prvSampleTimeNow) refers to timers.o(.text.prvSampleTimeNow) for [Anonymous Symbol]
    timers.o(.text.prvProcessExpiredTimer) refers to timers.o(.bss.pxCurrentTimerList) for pxCurrentTimerList
    timers.o(.text.prvProcessExpiredTimer) refers to list.o(.text.uxListRemove) for uxListRemove
    timers.o(.text.prvProcessExpiredTimer) refers to timers.o(.text.prvInsertTimerInActiveList) for prvInsertTimerInActiveList
    timers.o(.text.prvProcessExpiredTimer) refers to timers.o(.text.xTimerGenericCommand) for xTimerGenericCommand
    timers.o(.ARM.exidx.text.prvProcessExpiredTimer) refers to timers.o(.text.prvProcessExpiredTimer) for [Anonymous Symbol]
    timers.o(.text.prvSwitchTimerLists) refers to timers.o(.bss.pxCurrentTimerList) for pxCurrentTimerList
    timers.o(.text.prvSwitchTimerLists) refers to timers.o(.text.xTimerGenericCommand) for xTimerGenericCommand
    timers.o(.text.prvSwitchTimerLists) refers to list.o(.text.uxListRemove) for uxListRemove
    timers.o(.text.prvSwitchTimerLists) refers to list.o(.text.vListInsert) for vListInsert
    timers.o(.text.prvSwitchTimerLists) refers to timers.o(.bss.pxOverflowTimerList) for pxOverflowTimerList
    timers.o(.ARM.exidx.text.prvSwitchTimerLists) refers to timers.o(.text.prvSwitchTimerLists) for [Anonymous Symbol]
    timers.o(.text.prvInsertTimerInActiveList) refers to timers.o(.bss.pxCurrentTimerList) for pxCurrentTimerList
    timers.o(.text.prvInsertTimerInActiveList) refers to timers.o(.bss.pxOverflowTimerList) for pxOverflowTimerList
    timers.o(.text.prvInsertTimerInActiveList) refers to list.o(.text.vListInsert) for vListInsert
    timers.o(.ARM.exidx.text.prvInsertTimerInActiveList) refers to timers.o(.text.prvInsertTimerInActiveList) for [Anonymous Symbol]
    rt_cmsis.o(i.isrMessageGet) refers to rt_mailbox.o(i.isr_mbx_receive) for isr_mbx_receive
    rt_cmsis.o(i.isrMessagePut) refers to rt_mailbox.o(i.rt_mbx_check) for rt_mbx_check
    rt_cmsis.o(i.isrMessagePut) refers to rt_mailbox.o(i.isr_mbx_send) for isr_mbx_send
    rt_cmsis.o(i.isrSemaphoreRelease) refers to rt_cmsis.o(i.rt_id2obj) for rt_id2obj
    rt_cmsis.o(i.isrSemaphoreRelease) refers to rt_semaphore.o(i.isr_sem_send) for isr_sem_send
    rt_cmsis.o(i.isrSignalSet) refers to rt_cmsis.o(i.rt_tid2ptcb) for rt_tid2ptcb
    rt_cmsis.o(i.isrSignalSet) refers to rt_event.o(i.isr_evt_set) for isr_evt_set
    rt_cmsis.o(i.osDelay) refers to rt_cmsis.o(i.svcDelay) for svcDelay
    rt_cmsis.o(i.osKernelInitialize) refers to rt_cmsis.o(i.svcKernelInitialize) for svcKernelInitialize
    rt_cmsis.o(i.osKernelRunning) refers to rt_cmsis.o(i.svcKernelRunning) for svcKernelRunning
    rt_cmsis.o(i.osKernelRunning) refers to rt_cmsis.o(.data) for .data
    rt_cmsis.o(i.osKernelStart) refers to rtx_conf_cm.o(.rodata.os_flags) for os_flags
    rt_cmsis.o(i.osKernelStart) refers to rt_cmsis.o(i.svcKernelStart) for svcKernelStart
    rt_cmsis.o(i.osKernelSysTick) refers to rt_cmsis.o(i.svcKernelSysTick) for svcKernelSysTick
    rt_cmsis.o(i.osMailAlloc) refers to rt_cmsis.o(i.sysMailAlloc) for sysMailAlloc
    rt_cmsis.o(i.osMailCAlloc) refers to rt_cmsis.o(i.sysMailAlloc) for sysMailAlloc
    rt_cmsis.o(i.osMailCAlloc) refers to rt_cmsis.o(i.rt_clr_box) for rt_clr_box
    rt_cmsis.o(i.osMailCreate) refers to rt_cmsis.o(i.svcMailCreate) for svcMailCreate
    rt_cmsis.o(i.osMailCreate) refers to rt_cmsis.o(.data) for .data
    rt_cmsis.o(i.osMailFree) refers to rt_cmsis.o(i.sysMailFree) for sysMailFree
    rt_cmsis.o(i.osMailGet) refers to rt_cmsis.o(i.osMessageGet) for osMessageGet
    rt_cmsis.o(i.osMailPut) refers to rt_cmsis.o(i.osMessagePut) for osMessagePut
    rt_cmsis.o(i.osMessageCreate) refers to rt_cmsis.o(i.svcMessageCreate) for svcMessageCreate
    rt_cmsis.o(i.osMessageCreate) refers to rt_cmsis.o(.data) for .data
    rt_cmsis.o(i.osMessageGet) refers to rt_cmsis.o(i.isrMessageGet) for isrMessageGet
    rt_cmsis.o(i.osMessageGet) refers to rt_cmsis.o(i.svcMessageGet) for svcMessageGet
    rt_cmsis.o(i.osMessagePut) refers to rt_cmsis.o(i.isrMessagePut) for isrMessagePut
    rt_cmsis.o(i.osMessagePut) refers to rt_cmsis.o(i.svcMessagePut) for svcMessagePut
    rt_cmsis.o(i.osMutexCreate) refers to rt_cmsis.o(i.svcMutexCreate) for svcMutexCreate
    rt_cmsis.o(i.osMutexCreate) refers to rt_cmsis.o(.data) for .data
    rt_cmsis.o(i.osMutexDelete) refers to rt_cmsis.o(i.svcMutexDelete) for svcMutexDelete
    rt_cmsis.o(i.osMutexRelease) refers to rt_cmsis.o(i.svcMutexRelease) for svcMutexRelease
    rt_cmsis.o(i.osMutexWait) refers to rt_cmsis.o(i.svcMutexWait) for svcMutexWait
    rt_cmsis.o(i.osPoolAlloc) refers to rt_cmsis.o(i.sysPoolAlloc) for sysPoolAlloc
    rt_cmsis.o(i.osPoolCAlloc) refers to rt_cmsis.o(i.rt_clr_box) for rt_clr_box
    rt_cmsis.o(i.osPoolCAlloc) refers to rt_cmsis.o(i.sysPoolAlloc) for sysPoolAlloc
    rt_cmsis.o(i.osPoolCreate) refers to rt_cmsis.o(i.svcPoolCreate) for svcPoolCreate
    rt_cmsis.o(i.osPoolCreate) refers to rt_cmsis.o(.data) for .data
    rt_cmsis.o(i.osPoolFree) refers to rt_cmsis.o(i.sysPoolFree) for sysPoolFree
    rt_cmsis.o(i.osSemaphoreCreate) refers to rt_cmsis.o(i.svcSemaphoreCreate) for svcSemaphoreCreate
    rt_cmsis.o(i.osSemaphoreCreate) refers to rt_cmsis.o(.data) for .data
    rt_cmsis.o(i.osSemaphoreDelete) refers to rt_cmsis.o(i.svcSemaphoreDelete) for svcSemaphoreDelete
    rt_cmsis.o(i.osSemaphoreRelease) refers to rt_cmsis.o(i.isrSemaphoreRelease) for isrSemaphoreRelease
    rt_cmsis.o(i.osSemaphoreRelease) refers to rt_cmsis.o(i.svcSemaphoreRelease) for svcSemaphoreRelease
    rt_cmsis.o(i.osSemaphoreWait) refers to rt_cmsis.o(i.svcSemaphoreWait) for svcSemaphoreWait
    rt_cmsis.o(i.osSignalClear) refers to rt_cmsis.o(i.svcSignalClear) for svcSignalClear
    rt_cmsis.o(i.osSignalSet) refers to rt_cmsis.o(i.isrSignalSet) for isrSignalSet
    rt_cmsis.o(i.osSignalSet) refers to rt_cmsis.o(i.svcSignalSet) for svcSignalSet
    rt_cmsis.o(i.osSignalWait) refers to rt_cmsis.o(i.svcSignalWait) for svcSignalWait
    rt_cmsis.o(i.osThreadCreate) refers to rt_cmsis.o(i.svcThreadCreate) for svcThreadCreate
    rt_cmsis.o(i.osThreadCreate) refers to rt_cmsis.o(.data) for .data
    rt_cmsis.o(i.osThreadExit) refers to rt_cmsis.o(i.svcThreadGetId) for svcThreadGetId
    rt_cmsis.o(i.osThreadExit) refers to rt_cmsis.o(i.svcThreadTerminate) for svcThreadTerminate
    rt_cmsis.o(i.osThreadGetId) refers to rt_cmsis.o(i.svcThreadGetId) for svcThreadGetId
    rt_cmsis.o(i.osThreadGetPriority) refers to rt_cmsis.o(i.svcThreadGetPriority) for svcThreadGetPriority
    rt_cmsis.o(i.osThreadSetPriority) refers to rt_cmsis.o(i.svcThreadSetPriority) for svcThreadSetPriority
    rt_cmsis.o(i.osThreadTerminate) refers to rt_cmsis.o(i.svcThreadTerminate) for svcThreadTerminate
    rt_cmsis.o(i.osThreadYield) refers to rt_cmsis.o(i.svcThreadYield) for svcThreadYield
    rt_cmsis.o(i.osTimerCall) refers to rt_cmsis.o(i.svcTimerCall) for svcTimerCall
    rt_cmsis.o(i.osTimerCreate) refers to rt_cmsis.o(i.svcTimerCreate) for svcTimerCreate
    rt_cmsis.o(i.osTimerCreate) refers to rt_cmsis.o(.data) for .data
    rt_cmsis.o(i.osTimerDelete) refers to rt_cmsis.o(i.svcTimerDelete) for svcTimerDelete
    rt_cmsis.o(i.osTimerStart) refers to rt_cmsis.o(i.svcTimerStart) for svcTimerStart
    rt_cmsis.o(i.osTimerStop) refers to rt_cmsis.o(i.svcTimerStop) for svcTimerStop
    rt_cmsis.o(i.osTimerThread) refers to rt_cmsis.o(i.osMessageGet) for osMessageGet
    rt_cmsis.o(i.osTimerThread) refers to rt_cmsis.o(i.osTimerCall) for osTimerCall
    rt_cmsis.o(i.osTimerThread) refers to rtx_conf_cm.o(.bss.osMessageQId_osTimerMessageQ) for osMessageQId_osTimerMessageQ
    rt_cmsis.o(i.os_resume) refers to rt_system.o(i.rt_resume) for rt_resume
    rt_cmsis.o(i.os_suspend) refers to rt_system.o(i.rt_suspend) for rt_suspend
    rt_cmsis.o(i.rt_ms2tick) refers to rtx_conf_cm.o(.rodata.os_clockrate) for os_clockrate
    rt_cmsis.o(i.rt_timer_insert) refers to rt_cmsis.o(.data) for .data
    rt_cmsis.o(i.rt_timer_remove) refers to rt_cmsis.o(.data) for .data
    rt_cmsis.o(i.svcDelay) refers to rt_cmsis.o(i.rt_ms2tick) for rt_ms2tick
    rt_cmsis.o(i.svcDelay) refers to rt_time.o(i.rt_dly_wait) for rt_dly_wait
    rt_cmsis.o(i.svcKernelInitialize) refers to rt_memory.o(i.rt_init_mem) for rt_init_mem
    rt_cmsis.o(i.svcKernelInitialize) refers to rt_task.o(i.rt_sys_init) for rt_sys_init
    rt_cmsis.o(i.svcKernelInitialize) refers to rt_cmsis.o(i.svcMessageCreate) for svcMessageCreate
    rt_cmsis.o(i.svcKernelInitialize) refers to rt_cmsis.o(i.svcThreadCreate) for svcThreadCreate
    rt_cmsis.o(i.svcKernelInitialize) refers to rt_cmsis.o(.data) for .data
    rt_cmsis.o(i.svcKernelInitialize) refers to rtx_conf_cm.o(.bss.os_stack_mem) for os_stack_mem
    rt_cmsis.o(i.svcKernelInitialize) refers to rtx_conf_cm.o(.rodata.os_stack_sz) for os_stack_sz
    rt_cmsis.o(i.svcKernelInitialize) refers to rt_task.o(.data) for os_tsk
    rt_cmsis.o(i.svcKernelInitialize) refers to rtx_conf_cm.o(.rodata.os_messageQ_def_osTimerMessageQ) for os_messageQ_def_osTimerMessageQ
    rt_cmsis.o(i.svcKernelInitialize) refers to rtx_conf_cm.o(.bss.osMessageQId_osTimerMessageQ) for osMessageQId_osTimerMessageQ
    rt_cmsis.o(i.svcKernelInitialize) refers to rtx_conf_cm.o(.rodata.os_thread_def_osTimerThread) for os_thread_def_osTimerThread
    rt_cmsis.o(i.svcKernelInitialize) refers to rtx_conf_cm.o(.bss.osThreadId_osTimerThread) for osThreadId_osTimerThread
    rt_cmsis.o(i.svcKernelRunning) refers to rt_cmsis.o(.data) for .data
    rt_cmsis.o(i.svcKernelStart) refers to rt_task.o(i.rt_tsk_prio) for rt_tsk_prio
    rt_cmsis.o(i.svcKernelStart) refers to rt_task.o(i.rt_sys_start) for rt_sys_start
    rt_cmsis.o(i.svcKernelStart) refers to rt_cmsis.o(.data) for .data
    rt_cmsis.o(i.svcKernelStart) refers to rt_task.o(.data) for os_tsk
    rt_cmsis.o(i.svcKernelSysTick) refers to rt_system.o(i.os_tick_val) for os_tick_val
    rt_cmsis.o(i.svcKernelSysTick) refers to rt_system.o(i.os_tick_ovf) for os_tick_ovf
    rt_cmsis.o(i.svcKernelSysTick) refers to rtx_conf_cm.o(.rodata.os_trv) for os_trv
    rt_cmsis.o(i.svcKernelSysTick) refers to rt_time.o(.data) for os_time
    rt_cmsis.o(i.svcMailCreate) refers to rt_membox.o(i._init_box) for _init_box
    rt_cmsis.o(i.svcMailCreate) refers to rt_mailbox.o(i.rt_mbx_init) for rt_mbx_init
    rt_cmsis.o(i.svcMessageCreate) refers to rt_mailbox.o(i.rt_mbx_init) for rt_mbx_init
    rt_cmsis.o(i.svcMessageGet) refers to rt_cmsis.o(i.rt_ms2tick) for rt_ms2tick
    rt_cmsis.o(i.svcMessageGet) refers to rt_mailbox.o(i.rt_mbx_wait) for rt_mbx_wait
    rt_cmsis.o(i.svcMessagePut) refers to rt_cmsis.o(i.rt_ms2tick) for rt_ms2tick
    rt_cmsis.o(i.svcMessagePut) refers to rt_mailbox.o(i.rt_mbx_send) for rt_mbx_send
    rt_cmsis.o(i.svcMutexCreate) refers to rt_mutex.o(i.rt_mut_init) for rt_mut_init
    rt_cmsis.o(i.svcMutexDelete) refers to rt_cmsis.o(i.rt_id2obj) for rt_id2obj
    rt_cmsis.o(i.svcMutexDelete) refers to rt_mutex.o(i.rt_mut_delete) for rt_mut_delete
    rt_cmsis.o(i.svcMutexRelease) refers to rt_cmsis.o(i.rt_id2obj) for rt_id2obj
    rt_cmsis.o(i.svcMutexRelease) refers to rt_mutex.o(i.rt_mut_release) for rt_mut_release
    rt_cmsis.o(i.svcMutexWait) refers to rt_cmsis.o(i.rt_id2obj) for rt_id2obj
    rt_cmsis.o(i.svcMutexWait) refers to rt_cmsis.o(i.rt_ms2tick) for rt_ms2tick
    rt_cmsis.o(i.svcMutexWait) refers to rt_mutex.o(i.rt_mut_wait) for rt_mut_wait
    rt_cmsis.o(i.svcPoolCreate) refers to rt_membox.o(i._init_box) for _init_box
    rt_cmsis.o(i.svcSemaphoreCreate) refers to rt_semaphore.o(i.rt_sem_init) for rt_sem_init
    rt_cmsis.o(i.svcSemaphoreDelete) refers to rt_cmsis.o(i.rt_id2obj) for rt_id2obj
    rt_cmsis.o(i.svcSemaphoreDelete) refers to rt_semaphore.o(i.rt_sem_delete) for rt_sem_delete
    rt_cmsis.o(i.svcSemaphoreRelease) refers to rt_cmsis.o(i.rt_id2obj) for rt_id2obj
    rt_cmsis.o(i.svcSemaphoreRelease) refers to rt_semaphore.o(i.rt_sem_send) for rt_sem_send
    rt_cmsis.o(i.svcSemaphoreWait) refers to rt_cmsis.o(i.rt_id2obj) for rt_id2obj
    rt_cmsis.o(i.svcSemaphoreWait) refers to rt_cmsis.o(i.rt_ms2tick) for rt_ms2tick
    rt_cmsis.o(i.svcSemaphoreWait) refers to rt_semaphore.o(i.rt_sem_wait) for rt_sem_wait
    rt_cmsis.o(i.svcSignalClear) refers to rt_cmsis.o(i.rt_tid2ptcb) for rt_tid2ptcb
    rt_cmsis.o(i.svcSignalClear) refers to rt_event.o(i.rt_evt_clr) for rt_evt_clr
    rt_cmsis.o(i.svcSignalSet) refers to rt_cmsis.o(i.rt_tid2ptcb) for rt_tid2ptcb
    rt_cmsis.o(i.svcSignalSet) refers to rt_event.o(i.rt_evt_set) for rt_evt_set
    rt_cmsis.o(i.svcSignalWait) refers to rt_cmsis.o(i.rt_ms2tick) for rt_ms2tick
    rt_cmsis.o(i.svcSignalWait) refers to rt_event.o(i.rt_evt_wait) for rt_evt_wait
    rt_cmsis.o(i.svcSignalWait) refers to rt_task.o(.data) for os_tsk
    rt_cmsis.o(i.svcThreadCreate) refers to rt_memory.o(i.rt_alloc_mem) for rt_alloc_mem
    rt_cmsis.o(i.svcThreadCreate) refers to rt_task.o(i.rt_tsk_create) for rt_tsk_create
    rt_cmsis.o(i.svcThreadCreate) refers to rt_memory.o(i.rt_free_mem) for rt_free_mem
    rt_cmsis.o(i.svcThreadCreate) refers to rtx_conf_cm.o(.bss.os_stack_mem) for os_stack_mem
    rt_cmsis.o(i.svcThreadCreate) refers to rtx_conf_cm.o(.bss.os_active_TCB) for os_active_TCB
    rt_cmsis.o(i.svcThreadCreate) refers to cmsis_os2.o(.text.osThreadExit) for osThreadExit
    rt_cmsis.o(i.svcThreadCreate) refers to rt_cmsis.o(i.osThreadExit) for osThreadExit
    rt_cmsis.o(i.svcThreadGetId) refers to rt_task.o(i.rt_tsk_self) for rt_tsk_self
    rt_cmsis.o(i.svcThreadGetId) refers to rtx_conf_cm.o(.bss.os_active_TCB) for os_active_TCB
    rt_cmsis.o(i.svcThreadGetPriority) refers to rt_cmsis.o(i.rt_tid2ptcb) for rt_tid2ptcb
    rt_cmsis.o(i.svcThreadSetPriority) refers to rt_cmsis.o(i.rt_tid2ptcb) for rt_tid2ptcb
    rt_cmsis.o(i.svcThreadSetPriority) refers to rt_task.o(i.rt_tsk_prio) for rt_tsk_prio
    rt_cmsis.o(i.svcThreadTerminate) refers to rt_cmsis.o(i.rt_tid2ptcb) for rt_tid2ptcb
    rt_cmsis.o(i.svcThreadTerminate) refers to rt_task.o(i.rt_tsk_delete) for rt_tsk_delete
    rt_cmsis.o(i.svcThreadTerminate) refers to rt_memory.o(i.rt_free_mem) for rt_free_mem
    rt_cmsis.o(i.svcThreadTerminate) refers to rtx_conf_cm.o(.bss.os_stack_mem) for os_stack_mem
    rt_cmsis.o(i.svcThreadYield) refers to rt_task.o(i.rt_tsk_pass) for rt_tsk_pass
    rt_cmsis.o(i.svcTimerCall) refers to rt_cmsis.o(i.rt_id2obj) for rt_id2obj
    rt_cmsis.o(i.svcTimerCreate) refers to rtx_conf_cm.o(.bss.osThreadId_osTimerThread) for osThreadId_osTimerThread
    rt_cmsis.o(i.svcTimerDelete) refers to rt_cmsis.o(i.rt_id2obj) for rt_id2obj
    rt_cmsis.o(i.svcTimerDelete) refers to rt_cmsis.o(i.rt_timer_remove) for rt_timer_remove
    rt_cmsis.o(i.svcTimerStart) refers to rt_cmsis.o(i.rt_id2obj) for rt_id2obj
    rt_cmsis.o(i.svcTimerStart) refers to lludivv7m.o(.text) for __aeabi_uldivmod
    rt_cmsis.o(i.svcTimerStart) refers to rt_cmsis.o(i.rt_timer_remove) for rt_timer_remove
    rt_cmsis.o(i.svcTimerStart) refers to rt_cmsis.o(i.rt_timer_insert) for rt_timer_insert
    rt_cmsis.o(i.svcTimerStart) refers to rtx_conf_cm.o(.rodata.os_clockrate) for os_clockrate
    rt_cmsis.o(i.svcTimerStop) refers to rt_cmsis.o(i.rt_id2obj) for rt_id2obj
    rt_cmsis.o(i.svcTimerStop) refers to rt_cmsis.o(i.rt_timer_remove) for rt_timer_remove
    rt_cmsis.o(i.sysMailAlloc) refers to rt_membox.o(i.rt_alloc_box) for rt_alloc_box
    rt_cmsis.o(i.sysMailAlloc) refers to rt_list.o(i.rt_put_prio) for rt_put_prio
    rt_cmsis.o(i.sysMailAlloc) refers to rt_cmsis.o(i.rt_ms2tick) for rt_ms2tick
    rt_cmsis.o(i.sysMailAlloc) refers to rt_task.o(i.rt_block) for rt_block
    rt_cmsis.o(i.sysMailAlloc) refers to rt_task.o(.data) for os_tsk
    rt_cmsis.o(i.sysMailFree) refers to rt_membox.o(i.rt_free_box) for rt_free_box
    rt_cmsis.o(i.sysMailFree) refers to rt_list.o(i.rt_psq_enq) for rt_psq_enq
    rt_cmsis.o(i.sysMailFree) refers to rt_system.o(i.rt_psh_req) for rt_psh_req
    rt_cmsis.o(i.sysMailFree) refers to rt_membox.o(i.rt_alloc_box) for rt_alloc_box
    rt_cmsis.o(i.sysMailFree) refers to rt_list.o(i.rt_get_first) for rt_get_first
    rt_cmsis.o(i.sysMailFree) refers to hal_cm.o(i.rt_ret_val) for rt_ret_val
    rt_cmsis.o(i.sysMailFree) refers to rt_list.o(i.rt_rmv_dly) for rt_rmv_dly
    rt_cmsis.o(i.sysMailFree) refers to rt_task.o(i.rt_dispatch) for rt_dispatch
    rt_cmsis.o(i.sysPoolAlloc) refers to rt_membox.o(i.rt_alloc_box) for rt_alloc_box
    rt_cmsis.o(i.sysPoolFree) refers to rt_membox.o(i.rt_free_box) for rt_free_box
    rt_cmsis.o(i.sysTimerTick) refers to rt_cmsis.o(i.isrMessagePut) for isrMessagePut
    rt_cmsis.o(i.sysTimerTick) refers to rtx_conf_cm.o(.text.os_error) for os_error
    rt_cmsis.o(i.sysTimerTick) refers to rt_cmsis.o(i.rt_timer_insert) for rt_timer_insert
    rt_cmsis.o(i.sysTimerTick) refers to rt_cmsis.o(.data) for .data
    rt_cmsis.o(i.sysTimerTick) refers to rtx_conf_cm.o(.bss.osMessageQId_osTimerMessageQ) for osMessageQId_osTimerMessageQ
    rt_cmsis.o(i.sysUserTimerUpdate) refers to rt_cmsis.o(i.sysTimerTick) for sysTimerTick
    rt_cmsis.o(i.sysUserTimerUpdate) refers to rt_cmsis.o(.data) for .data
    rt_cmsis.o(i.sysUserTimerWakeupTime) refers to rt_cmsis.o(.data) for .data
    rt_task.o(i.rt_block) refers to rt_list.o(i.rt_put_dly) for rt_put_dly
    rt_task.o(i.rt_block) refers to rt_list.o(i.rt_get_first) for rt_get_first
    rt_task.o(i.rt_block) refers to rt_task.o(i.rt_switch_req) for rt_switch_req
    rt_task.o(i.rt_block) refers to rt_task.o(.data) for .data
    rt_task.o(i.rt_block) refers to rt_list.o(.bss) for os_rdy
    rt_task.o(i.rt_dispatch) refers to rt_list.o(i.rt_put_rdy_first) for rt_put_rdy_first
    rt_task.o(i.rt_dispatch) refers to rt_task.o(i.rt_switch_req) for rt_switch_req
    rt_task.o(i.rt_dispatch) refers to rt_list.o(i.rt_get_first) for rt_get_first
    rt_task.o(i.rt_dispatch) refers to rt_list.o(i.rt_put_prio) for rt_put_prio
    rt_task.o(i.rt_dispatch) refers to rt_task.o(.data) for .data
    rt_task.o(i.rt_dispatch) refers to rt_list.o(.bss) for os_rdy
    rt_task.o(i.rt_init_context) refers to rt_membox.o(i.rt_alloc_box) for rt_alloc_box
    rt_task.o(i.rt_init_context) refers to hal_cm.o(i.rt_init_stack) for rt_init_stack
    rt_task.o(i.rt_init_context) refers to rtx_conf_cm.o(.bss.mp_stk) for mp_stk
    rt_task.o(i.rt_switch_req) refers to hal_cm.o(i.dbg_task_switch) for dbg_task_switch
    rt_task.o(i.rt_switch_req) refers to rt_task.o(.data) for .data
    rt_task.o(i.rt_switch_req) refers to hal_cm.o(.data) for dbg_msg
    rt_task.o(i.rt_sys_init) refers to hal_cm.o(i.dbg_init) for dbg_init
    rt_task.o(i.rt_sys_init) refers to rt_membox.o(i._init_box) for _init_box
    rt_task.o(i.rt_sys_init) refers to rt_task.o(i.rt_init_context) for rt_init_context
    rt_task.o(i.rt_sys_init) refers to rt_robin.o(i.rt_init_robin) for rt_init_robin
    rt_task.o(i.rt_sys_init) refers to rtx_conf_cm.o(.bss.os_active_TCB) for os_active_TCB
    rt_task.o(i.rt_sys_init) refers to rtx_conf_cm.o(.rodata.os_maxtaskrun) for os_maxtaskrun
    rt_task.o(i.rt_sys_init) refers to rtx_conf_cm.o(.rodata.mp_tcb_size) for mp_tcb_size
    rt_task.o(i.rt_sys_init) refers to rtx_conf_cm.o(.bss.mp_tcb) for mp_tcb
    rt_task.o(i.rt_sys_init) refers to rtx_conf_cm.o(.rodata.os_stackinfo) for os_stackinfo
    rt_task.o(i.rt_sys_init) refers to rtx_conf_cm.o(.rodata.mp_stk_size) for mp_stk_size
    rt_task.o(i.rt_sys_init) refers to rtx_conf_cm.o(.bss.mp_stk) for mp_stk
    rt_task.o(i.rt_sys_init) refers to rtx_conf_cm.o(.rodata.mp_tmr_size) for mp_tmr_size
    rt_task.o(i.rt_sys_init) refers to rtx_conf_cm.o(.bss.m_tmr) for m_tmr
    rt_task.o(i.rt_sys_init) refers to rt_task.o(.bss) for .bss
    rt_task.o(i.rt_sys_init) refers to rtx_conf_cm.o(.text.os_idle_demon) for os_idle_demon
    rt_task.o(i.rt_sys_init) refers to rt_list.o(.bss) for os_rdy
    rt_task.o(i.rt_sys_init) refers to rt_task.o(.data) for .data
    rt_task.o(i.rt_sys_init) refers to rtx_conf_cm.o(.bss.os_fifo) for os_fifo
    rt_task.o(i.rt_sys_init) refers to rtx_conf_cm.o(.rodata.os_fifo_size) for os_fifo_size
    rt_task.o(i.rt_sys_start) refers to rt_system.o(i.os_tick_init) for os_tick_init
    rt_task.o(i.rt_sys_start) refers to rt_system.o(.data) for os_tick_irqn
    rt_task.o(i.rt_tsk_create) refers to rt_membox.o(i.rt_alloc_box) for rt_alloc_box
    rt_task.o(i.rt_tsk_create) refers to rt_task.o(i.rt_init_context) for rt_init_context
    rt_task.o(i.rt_tsk_create) refers to hal_cm.o(i.dbg_task_notify) for dbg_task_notify
    rt_task.o(i.rt_tsk_create) refers to rt_task.o(i.rt_dispatch) for rt_dispatch
    rt_task.o(i.rt_tsk_create) refers to rtx_conf_cm.o(.bss.mp_tcb) for mp_tcb
    rt_task.o(i.rt_tsk_create) refers to rtx_conf_cm.o(.bss.os_active_TCB) for os_active_TCB
    rt_task.o(i.rt_tsk_create) refers to rtx_conf_cm.o(.rodata.os_maxtaskrun) for os_maxtaskrun
    rt_task.o(i.rt_tsk_create) refers to hal_cm.o(.data) for dbg_msg
    rt_task.o(i.rt_tsk_delete) refers to hal_cm3.o(.emb_text) for rt_get_PSP
    rt_task.o(i.rt_tsk_delete) refers to rt_system.o(i.rt_stk_check) for rt_stk_check
    rt_task.o(i.rt_tsk_delete) refers to rt_list.o(i.rt_get_first) for rt_get_first
    rt_task.o(i.rt_tsk_delete) refers to hal_cm.o(i.rt_ret_val) for rt_ret_val
    rt_task.o(i.rt_tsk_delete) refers to rt_list.o(i.rt_rmv_dly) for rt_rmv_dly
    rt_task.o(i.rt_tsk_delete) refers to rt_list.o(i.rt_put_prio) for rt_put_prio
    rt_task.o(i.rt_tsk_delete) refers to rt_membox.o(i.rt_free_box) for rt_free_box
    rt_task.o(i.rt_tsk_delete) refers to hal_cm.o(i.dbg_task_notify) for dbg_task_notify
    rt_task.o(i.rt_tsk_delete) refers to rt_list.o(i.rt_rmv_list) for rt_rmv_list
    rt_task.o(i.rt_tsk_delete) refers to rt_task.o(i.rt_dispatch) for rt_dispatch
    rt_task.o(i.rt_tsk_delete) refers to hal_cm.o(.data) for dbg_msg
    rt_task.o(i.rt_tsk_delete) refers to rtx_conf_cm.o(.bss.os_active_TCB) for os_active_TCB
    rt_task.o(i.rt_tsk_delete) refers to rt_task.o(.data) for .data
    rt_task.o(i.rt_tsk_delete) refers to rt_list.o(.bss) for os_rdy
    rt_task.o(i.rt_tsk_delete) refers to rtx_conf_cm.o(.bss.mp_stk) for mp_stk
    rt_task.o(i.rt_tsk_delete) refers to rtx_conf_cm.o(.bss.mp_tcb) for mp_tcb
    rt_task.o(i.rt_tsk_delete) refers to rtx_conf_cm.o(.rodata.os_maxtaskrun) for os_maxtaskrun
    rt_task.o(i.rt_tsk_pass) refers to rt_list.o(i.rt_get_same_rdy_prio) for rt_get_same_rdy_prio
    rt_task.o(i.rt_tsk_pass) refers to rt_list.o(i.rt_put_prio) for rt_put_prio
    rt_task.o(i.rt_tsk_pass) refers to rt_task.o(i.rt_switch_req) for rt_switch_req
    rt_task.o(i.rt_tsk_pass) refers to rt_task.o(.data) for .data
    rt_task.o(i.rt_tsk_pass) refers to rt_list.o(.bss) for os_rdy
    rt_task.o(i.rt_tsk_prio) refers to rt_list.o(i.rt_put_prio) for rt_put_prio
    rt_task.o(i.rt_tsk_prio) refers to rt_list.o(i.rt_resort_prio) for rt_resort_prio
    rt_task.o(i.rt_tsk_prio) refers to rt_list.o(i.rt_get_first) for rt_get_first
    rt_task.o(i.rt_tsk_prio) refers to rt_task.o(i.rt_dispatch) for rt_dispatch
    rt_task.o(i.rt_tsk_prio) refers to rt_task.o(.data) for .data
    rt_task.o(i.rt_tsk_prio) refers to rtx_conf_cm.o(.rodata.os_maxtaskrun) for os_maxtaskrun
    rt_task.o(i.rt_tsk_prio) refers to rtx_conf_cm.o(.bss.os_active_TCB) for os_active_TCB
    rt_task.o(i.rt_tsk_prio) refers to rt_list.o(.bss) for os_rdy
    rt_task.o(i.rt_tsk_self) refers to rt_task.o(.data) for .data
    rt_mutex.o(i.rt_mut_delete) refers to rt_list.o(i.rt_resort_prio) for rt_resort_prio
    rt_mutex.o(i.rt_mut_delete) refers to rt_list.o(i.rt_get_first) for rt_get_first
    rt_mutex.o(i.rt_mut_delete) refers to hal_cm.o(i.rt_ret_val) for rt_ret_val
    rt_mutex.o(i.rt_mut_delete) refers to rt_list.o(i.rt_rmv_dly) for rt_rmv_dly
    rt_mutex.o(i.rt_mut_delete) refers to rt_list.o(i.rt_put_prio) for rt_put_prio
    rt_mutex.o(i.rt_mut_delete) refers to rt_task.o(i.rt_dispatch) for rt_dispatch
    rt_mutex.o(i.rt_mut_delete) refers to rt_task.o(.data) for os_tsk
    rt_mutex.o(i.rt_mut_delete) refers to rt_list.o(.bss) for os_rdy
    rt_mutex.o(i.rt_mut_release) refers to rt_list.o(i.rt_get_first) for rt_get_first
    rt_mutex.o(i.rt_mut_release) refers to hal_cm.o(i.rt_ret_val) for rt_ret_val
    rt_mutex.o(i.rt_mut_release) refers to rt_list.o(i.rt_rmv_dly) for rt_rmv_dly
    rt_mutex.o(i.rt_mut_release) refers to rt_list.o(i.rt_put_prio) for rt_put_prio
    rt_mutex.o(i.rt_mut_release) refers to rt_task.o(i.rt_dispatch) for rt_dispatch
    rt_mutex.o(i.rt_mut_release) refers to rt_task.o(.data) for os_tsk
    rt_mutex.o(i.rt_mut_release) refers to rt_list.o(.bss) for os_rdy
    rt_mutex.o(i.rt_mut_wait) refers to rt_list.o(i.rt_resort_prio) for rt_resort_prio
    rt_mutex.o(i.rt_mut_wait) refers to rt_list.o(i.rt_put_prio) for rt_put_prio
    rt_mutex.o(i.rt_mut_wait) refers to rt_task.o(i.rt_block) for rt_block
    rt_mutex.o(i.rt_mut_wait) refers to rt_task.o(.data) for os_tsk
    rt_system.o(i.os_tick_init) refers to rtx_conf_cm.o(.rodata.os_trv) for os_trv
    rt_system.o(i.os_tick_val) refers to rtx_conf_cm.o(.rodata.os_trv) for os_trv
    rt_system.o(i.rt_pop_req) refers to rt_list.o(i.rt_put_rdy_first) for rt_put_rdy_first
    rt_system.o(i.rt_pop_req) refers to rt_semaphore.o(i.rt_sem_psh) for rt_sem_psh
    rt_system.o(i.rt_pop_req) refers to rt_list.o(i.rt_get_first) for rt_get_first
    rt_system.o(i.rt_pop_req) refers to rt_task.o(i.rt_switch_req) for rt_switch_req
    rt_system.o(i.rt_pop_req) refers to rt_event.o(i.rt_evt_psh) for rt_evt_psh
    rt_system.o(i.rt_pop_req) refers to rt_mailbox.o(i.rt_mbx_psh) for rt_mbx_psh
    rt_system.o(i.rt_pop_req) refers to rt_task.o(.data) for os_tsk
    rt_system.o(i.rt_pop_req) refers to rtx_conf_cm.o(.bss.os_fifo) for os_fifo
    rt_system.o(i.rt_pop_req) refers to rt_list.o(.bss) for os_rdy
    rt_system.o(i.rt_psh_req) refers to rt_system.o(.data) for .data
    rt_system.o(i.rt_resume) refers to rt_list.o(i.rt_put_rdy_first) for rt_put_rdy_first
    rt_system.o(i.rt_resume) refers to rt_list.o(i.rt_dec_dly) for rt_dec_dly
    rt_system.o(i.rt_resume) refers to rt_cmsis.o(i.sysUserTimerUpdate) for sysUserTimerUpdate
    rt_system.o(i.rt_resume) refers to rt_list.o(i.rt_get_first) for rt_get_first
    rt_system.o(i.rt_resume) refers to rt_task.o(i.rt_switch_req) for rt_switch_req
    rt_system.o(i.rt_resume) refers to rt_system.o(i.rt_tsk_unlock) for rt_tsk_unlock
    rt_system.o(i.rt_resume) refers to rt_task.o(.data) for os_tsk
    rt_system.o(i.rt_resume) refers to rt_robin.o(.data) for os_robin
    rt_system.o(i.rt_resume) refers to rt_list.o(.bss) for os_dly
    rt_system.o(i.rt_resume) refers to rt_time.o(.data) for os_time
    rt_system.o(i.rt_stk_check) refers to rtx_conf_cm.o(.text.os_error) for os_error
    rt_system.o(i.rt_stk_check) refers to rt_task.o(.data) for os_tsk
    rt_system.o(i.rt_suspend) refers to rt_system.o(i.rt_tsk_lock) for rt_tsk_lock
    rt_system.o(i.rt_suspend) refers to rt_cmsis.o(i.sysUserTimerWakeupTime) for sysUserTimerWakeupTime
    rt_system.o(i.rt_suspend) refers to rt_list.o(.bss) for os_dly
    rt_system.o(i.rt_systick) refers to rt_list.o(i.rt_put_rdy_first) for rt_put_rdy_first
    rt_system.o(i.rt_systick) refers to rt_robin.o(i.rt_chk_robin) for rt_chk_robin
    rt_system.o(i.rt_systick) refers to rt_list.o(i.rt_dec_dly) for rt_dec_dly
    rt_system.o(i.rt_systick) refers to rt_cmsis.o(i.sysTimerTick) for sysTimerTick
    rt_system.o(i.rt_systick) refers to rt_list.o(i.rt_get_first) for rt_get_first
    rt_system.o(i.rt_systick) refers to rt_task.o(i.rt_switch_req) for rt_switch_req
    rt_system.o(i.rt_systick) refers to rt_task.o(.data) for os_tsk
    rt_system.o(i.rt_systick) refers to rt_time.o(.data) for os_time
    rt_system.o(i.rt_systick) refers to rt_list.o(.bss) for os_rdy
    rt_system.o(i.rt_tsk_lock) refers to rt_system.o(.data) for .data
    rt_system.o(i.rt_tsk_unlock) refers to rt_system.o(.data) for .data
    rt_event.o(i.isr_evt_set) refers to rt_list.o(i.rt_psq_enq) for rt_psq_enq
    rt_event.o(i.isr_evt_set) refers to rt_system.o(i.rt_psh_req) for rt_psh_req
    rt_event.o(i.isr_evt_set) refers to rtx_conf_cm.o(.bss.os_active_TCB) for os_active_TCB
    rt_event.o(i.rt_evt_clr) refers to rtx_conf_cm.o(.bss.os_active_TCB) for os_active_TCB
    rt_event.o(i.rt_evt_get) refers to rt_task.o(.data) for os_tsk
    rt_event.o(i.rt_evt_psh) refers to rt_list.o(i.rt_rmv_dly) for rt_rmv_dly
    rt_event.o(i.rt_evt_psh) refers to hal_cm.o(i.rt_ret_val2) for rt_ret_val2
    rt_event.o(i.rt_evt_psh) refers to rt_list.o(i.rt_put_prio) for rt_put_prio
    rt_event.o(i.rt_evt_psh) refers to rt_list.o(.bss) for os_rdy
    rt_event.o(i.rt_evt_set) refers to rt_list.o(i.rt_rmv_dly) for rt_rmv_dly
    rt_event.o(i.rt_evt_set) refers to hal_cm.o(i.rt_ret_val2) for rt_ret_val2
    rt_event.o(i.rt_evt_set) refers to rt_task.o(i.rt_dispatch) for rt_dispatch
    rt_event.o(i.rt_evt_set) refers to rtx_conf_cm.o(.bss.os_active_TCB) for os_active_TCB
    rt_event.o(i.rt_evt_wait) refers to rt_task.o(i.rt_block) for rt_block
    rt_event.o(i.rt_evt_wait) refers to rt_task.o(.data) for os_tsk
    rt_list.o(i.rt_dec_dly) refers to rt_list.o(i.rt_put_prio) for rt_put_prio
    rt_list.o(i.rt_dec_dly) refers to rt_list.o(.bss) for .bss
    rt_list.o(i.rt_dec_dly) refers to rt_time.o(.data) for os_time
    rt_list.o(i.rt_get_same_rdy_prio) refers to rt_list.o(.bss) for .bss
    rt_list.o(i.rt_get_same_rdy_prio) refers to rt_task.o(.data) for os_tsk
    rt_list.o(i.rt_psq_enq) refers to rtx_conf_cm.o(.text.os_error) for os_error
    rt_list.o(i.rt_psq_enq) refers to rtx_conf_cm.o(.bss.os_fifo) for os_fifo
    rt_list.o(i.rt_put_dly) refers to rt_list.o(.bss) for .bss
    rt_list.o(i.rt_put_rdy_first) refers to rt_list.o(.bss) for .bss
    rt_list.o(i.rt_resort_prio) refers to rt_list.o(i.rt_rmv_list) for rt_rmv_list
    rt_list.o(i.rt_resort_prio) refers to rt_list.o(i.rt_put_prio) for rt_put_prio
    rt_list.o(i.rt_resort_prio) refers to rt_list.o(.bss) for .bss
    rt_list.o(i.rt_rmv_list) refers to rt_list.o(.bss) for .bss
    rt_mailbox.o(i.isr_mbx_receive) refers to rt_list.o(i.rt_psq_enq) for rt_psq_enq
    rt_mailbox.o(i.isr_mbx_receive) refers to rt_system.o(i.rt_psh_req) for rt_psh_req
    rt_mailbox.o(i.isr_mbx_send) refers to rt_list.o(i.rt_psq_enq) for rt_psq_enq
    rt_mailbox.o(i.isr_mbx_send) refers to rt_system.o(i.rt_psh_req) for rt_psh_req
    rt_mailbox.o(i.rt_mbx_psh) refers to rt_membox.o(i.rt_alloc_box) for rt_alloc_box
    rt_mailbox.o(i.rt_mbx_psh) refers to rt_list.o(i.rt_get_first) for rt_get_first
    rt_mailbox.o(i.rt_mbx_psh) refers to hal_cm.o(i.rt_ret_val) for rt_ret_val
    rt_mailbox.o(i.rt_mbx_psh) refers to rt_list.o(i.rt_rmv_dly) for rt_rmv_dly
    rt_mailbox.o(i.rt_mbx_psh) refers to rt_list.o(i.rt_put_prio) for rt_put_prio
    rt_mailbox.o(i.rt_mbx_psh) refers to hal_cm.o(i.rt_ret_val2) for rt_ret_val2
    rt_mailbox.o(i.rt_mbx_psh) refers to rtx_conf_cm.o(.text.os_error) for os_error
    rt_mailbox.o(i.rt_mbx_psh) refers to rt_list.o(.bss) for os_rdy
    rt_mailbox.o(i.rt_mbx_send) refers to rt_list.o(i.rt_put_prio) for rt_put_prio
    rt_mailbox.o(i.rt_mbx_send) refers to rt_list.o(i.rt_get_first) for rt_get_first
    rt_mailbox.o(i.rt_mbx_send) refers to hal_cm.o(i.rt_ret_val2) for rt_ret_val2
    rt_mailbox.o(i.rt_mbx_send) refers to rt_list.o(i.rt_rmv_dly) for rt_rmv_dly
    rt_mailbox.o(i.rt_mbx_send) refers to rt_task.o(i.rt_dispatch) for rt_dispatch
    rt_mailbox.o(i.rt_mbx_send) refers to rt_task.o(i.rt_block) for rt_block
    rt_mailbox.o(i.rt_mbx_send) refers to rt_task.o(.data) for os_tsk
    rt_mailbox.o(i.rt_mbx_wait) refers to rt_list.o(i.rt_get_first) for rt_get_first
    rt_mailbox.o(i.rt_mbx_wait) refers to hal_cm.o(i.rt_ret_val) for rt_ret_val
    rt_mailbox.o(i.rt_mbx_wait) refers to rt_list.o(i.rt_rmv_dly) for rt_rmv_dly
    rt_mailbox.o(i.rt_mbx_wait) refers to rt_task.o(i.rt_dispatch) for rt_dispatch
    rt_mailbox.o(i.rt_mbx_wait) refers to rt_list.o(i.rt_put_prio) for rt_put_prio
    rt_mailbox.o(i.rt_mbx_wait) refers to rt_task.o(i.rt_block) for rt_block
    rt_mailbox.o(i.rt_mbx_wait) refers to rt_task.o(.data) for os_tsk
    rt_semaphore.o(i.isr_sem_send) refers to rt_list.o(i.rt_psq_enq) for rt_psq_enq
    rt_semaphore.o(i.isr_sem_send) refers to rt_system.o(i.rt_psh_req) for rt_psh_req
    rt_semaphore.o(i.rt_sem_delete) refers to rt_list.o(i.rt_get_first) for rt_get_first
    rt_semaphore.o(i.rt_sem_delete) refers to hal_cm.o(i.rt_ret_val) for rt_ret_val
    rt_semaphore.o(i.rt_sem_delete) refers to rt_list.o(i.rt_rmv_dly) for rt_rmv_dly
    rt_semaphore.o(i.rt_sem_delete) refers to rt_list.o(i.rt_put_prio) for rt_put_prio
    rt_semaphore.o(i.rt_sem_delete) refers to rt_task.o(i.rt_dispatch) for rt_dispatch
    rt_semaphore.o(i.rt_sem_delete) refers to rt_list.o(.bss) for os_rdy
    rt_semaphore.o(i.rt_sem_delete) refers to rt_task.o(.data) for os_tsk
    rt_semaphore.o(i.rt_sem_psh) refers to rt_list.o(i.rt_get_first) for rt_get_first
    rt_semaphore.o(i.rt_sem_psh) refers to rt_list.o(i.rt_rmv_dly) for rt_rmv_dly
    rt_semaphore.o(i.rt_sem_psh) refers to hal_cm.o(i.rt_ret_val) for rt_ret_val
    rt_semaphore.o(i.rt_sem_psh) refers to rt_list.o(i.rt_put_prio) for rt_put_prio
    rt_semaphore.o(i.rt_sem_psh) refers to rt_list.o(.bss) for os_rdy
    rt_semaphore.o(i.rt_sem_send) refers to rt_list.o(i.rt_get_first) for rt_get_first
    rt_semaphore.o(i.rt_sem_send) refers to hal_cm.o(i.rt_ret_val) for rt_ret_val
    rt_semaphore.o(i.rt_sem_send) refers to rt_list.o(i.rt_rmv_dly) for rt_rmv_dly
    rt_semaphore.o(i.rt_sem_send) refers to rt_task.o(i.rt_dispatch) for rt_dispatch
    rt_semaphore.o(i.rt_sem_wait) refers to rt_list.o(i.rt_put_prio) for rt_put_prio
    rt_semaphore.o(i.rt_sem_wait) refers to rt_task.o(i.rt_block) for rt_block
    rt_semaphore.o(i.rt_sem_wait) refers to rt_task.o(.data) for os_tsk
    rt_time.o(i.rt_dly_wait) refers to rt_task.o(i.rt_block) for rt_block
    rt_time.o(i.rt_itv_set) refers to rt_task.o(.data) for os_tsk
    rt_time.o(i.rt_itv_set) refers to rt_time.o(.data) for .data
    rt_time.o(i.rt_itv_wait) refers to rt_task.o(i.rt_block) for rt_block
    rt_time.o(i.rt_itv_wait) refers to rt_task.o(.data) for os_tsk
    rt_time.o(i.rt_itv_wait) refers to rt_time.o(.data) for .data
    rt_time.o(i.rt_time_get) refers to rt_time.o(.data) for .data
    rt_robin.o(i.rt_chk_robin) refers to rt_list.o(i.rt_get_first) for rt_get_first
    rt_robin.o(i.rt_chk_robin) refers to rt_list.o(i.rt_put_prio) for rt_put_prio
    rt_robin.o(i.rt_chk_robin) refers to rt_robin.o(.data) for .data
    rt_robin.o(i.rt_chk_robin) refers to rt_list.o(.bss) for os_rdy
    rt_robin.o(i.rt_chk_robin) refers to rt_time.o(.data) for os_time
    rt_robin.o(i.rt_init_robin) refers to rt_robin.o(.data) for .data
    rt_robin.o(i.rt_init_robin) refers to rtx_conf_cm.o(.rodata.os_rrobin) for os_rrobin
    rt_membox.o(i._calloc_box) refers to hal_cm3.o(.emb_text) for _alloc_box
    hal_cm.o(i.dbg_init) refers to hal_cm.o(.data) for .data
    hal_cm.o(i.rt_init_stack) refers to rtx_conf_cm.o(.rodata.os_stackinfo) for os_stackinfo
    hal_cm3.o(.emb_text) refers to rtx_conf_cm.o(.rodata.os_flags) for os_flags
    hal_cm3.o(.emb_text) refers to rt_membox.o(i.rt_alloc_box) for rt_alloc_box
    hal_cm3.o(.emb_text) refers to rt_membox.o(i.rt_free_box) for rt_free_box
    hal_cm3.o(.emb_text) refers to rt_system.o(i.rt_stk_check) for rt_stk_check
    hal_cm3.o(.emb_text) refers to rt_task.o(.data) for os_tsk
    hal_cm3.o(.emb_text) refers to svc_table.o(SVC_TABLE) for SVC_Count
    hal_cm3.o(.emb_text) refers to rt_system.o(i.rt_pop_req) for rt_pop_req
    hal_cm3.o(.emb_text) refers to rt_system.o(i.rt_systick) for rt_systick
    hal_cm3.o(.emb_text) refers to rt_system.o(i.os_tick_irqack) for os_tick_irqack
    libspace.o(.text) refers to libspace.o(.bss) for __libspace_start
    rt_memcpy_v6.o(.text) refers to rt_memcpy_w.o(.text) for __aeabi_memcpy4
    aeabi_memset4.o(.text) refers to rt_memclr_w.o(.text) for _memset_w
    __main.o(!!!main) refers to __rtentry.o(.ARM.Collect$$rtentry$$00000000) for __rt_entry
    __rtentry.o(.ARM.Collect$$rtentry$$00000000) refers (Special) to __rtentry2.o(.ARM.Collect$$rtentry$$0000000A) for __rt_entry_li
    __rtentry.o(.ARM.Collect$$rtentry$$00000000) refers (Special) to __rtentry2.o(.ARM.Collect$$rtentry$$0000000D) for __rt_entry_main
    __rtentry.o(.ARM.Collect$$rtentry$$00000000) refers (Special) to __rtentry2.o(.ARM.Collect$$rtentry$$0000000B) for __rt_entry_postli_1
    __rtentry.o(.ARM.Collect$$rtentry$$00000000) refers (Special) to __rtentry2.o(.ARM.Collect$$rtentry$$00000008) for __rt_entry_postsh_1
    __rtentry.o(.ARM.Collect$$rtentry$$00000000) refers (Special) to __rtentry2.o(.ARM.Collect$$rtentry$$00000002) for __rt_entry_presh_1
    __rtentry.o(.ARM.Collect$$rtentry$$00000000) refers (Special) to __rtentry4.o(.ARM.Collect$$rtentry$$00000004) for __rt_entry_sh
    aeabi_ldiv0_sigfpe.o(.text) refers to rt_div0.o(.text) for __rt_div0
    __rtentry2.o(.ARM.Collect$$rtentry$$00000008) refers to clib_arm.o(.text._platform_post_stackheap_init) for _platform_post_stackheap_init
    __rtentry2.o(.ARM.Collect$$rtentry$$0000000A) refers to libinit.o(.ARM.Collect$$libinit$$00000000) for __rt_lib_init
    __rtentry2.o(.ARM.Collect$$rtentry$$0000000B) refers to rtx_conf_cm.o(.text._platform_post_lib_init) for _platform_post_lib_init
    __rtentry2.o(.ARM.Collect$$rtentry$$0000000D) refers to main.o(.text.main) for main
    __rtentry2.o(.ARM.Collect$$rtentry$$0000000D) refers to exit.o(.text) for exit
    __rtentry2.o(.ARM.exidx) refers to __rtentry2.o(.ARM.Collect$$rtentry$$00000001) for .ARM.Collect$$rtentry$$00000001
    __rtentry2.o(.ARM.exidx) refers to __rtentry2.o(.ARM.Collect$$rtentry$$00000008) for .ARM.Collect$$rtentry$$00000008
    __rtentry2.o(.ARM.exidx) refers to __rtentry2.o(.ARM.Collect$$rtentry$$0000000A) for .ARM.Collect$$rtentry$$0000000A
    __rtentry2.o(.ARM.exidx) refers to __rtentry2.o(.ARM.Collect$$rtentry$$0000000B) for .ARM.Collect$$rtentry$$0000000B
    __rtentry2.o(.ARM.exidx) refers to __rtentry2.o(.ARM.Collect$$rtentry$$0000000D) for .ARM.Collect$$rtentry$$0000000D
    __rtentry4.o(.ARM.Collect$$rtentry$$00000004) refers to sys_stackheap_outer.o(.text) for __user_setup_stackheap
    __rtentry4.o(.ARM.exidx) refers to __rtentry4.o(.ARM.Collect$$rtentry$$00000004) for .ARM.Collect$$rtentry$$00000004
    rt_div0.o(.text) refers to defsig_fpe_outer.o(.text) for __rt_SIGFPE
    sys_stackheap_outer.o(.text) refers to libspace.o(.text) for __user_perproc_libspace
    sys_stackheap_outer.o(.text) refers to startup_stm32f10x_md.o(.text) for __user_initial_stackheap
    exit.o(.text) refers to rtexit.o(.ARM.Collect$$rtexit$$00000000) for __rt_exit
    defsig_fpe_outer.o(.text) refers to defsig_fpe_inner.o(.text) for __rt_SIGFPE_inner
    defsig_fpe_outer.o(.text) refers to defsig_exit.o(.text) for __sig_exit
    defsig_fpe_formal.o(.text) refers to rt_raise.o(.text) for __rt_raise
    libinit.o(.ARM.Collect$$libinit$$00000000) refers (Special) to libinit2.o(.ARM.Collect$$libinit$$0000002E) for __rt_lib_init_alloca_1
    libinit.o(.ARM.Collect$$libinit$$00000000) refers (Special) to libinit2.o(.ARM.Collect$$libinit$$0000002C) for __rt_lib_init_argv_1
    libinit.o(.ARM.Collect$$libinit$$00000000) refers (Special) to libinit2.o(.ARM.Collect$$libinit$$0000001B) for __rt_lib_init_atexit_1
    libinit.o(.ARM.Collect$$libinit$$00000000) refers (Special) to libinit2.o(.ARM.Collect$$libinit$$00000021) for __rt_lib_init_clock_1
    libinit.o(.ARM.Collect$$libinit$$00000000) refers (Special) to libinit2.o(.ARM.Collect$$libinit$$00000032) for __rt_lib_init_cpp_1
    libinit.o(.ARM.Collect$$libinit$$00000000) refers (Special) to libinit2.o(.ARM.Collect$$libinit$$00000030) for __rt_lib_init_exceptions_1
    libinit.o(.ARM.Collect$$libinit$$00000000) refers (Special) to libinit2.o(.ARM.Collect$$libinit$$00000002) for __rt_lib_init_fp_1
    libinit.o(.ARM.Collect$$libinit$$00000000) refers (Special) to libinit2.o(.ARM.Collect$$libinit$$0000001F) for __rt_lib_init_fp_trap_1
    libinit.o(.ARM.Collect$$libinit$$00000000) refers (Special) to libinit2.o(.ARM.Collect$$libinit$$00000023) for __rt_lib_init_getenv_1
    libinit.o(.ARM.Collect$$libinit$$00000000) refers (Special) to libinit2.o(.ARM.Collect$$libinit$$0000000A) for __rt_lib_init_heap_1
    libinit.o(.ARM.Collect$$libinit$$00000000) refers (Special) to libinit2.o(.ARM.Collect$$libinit$$00000011) for __rt_lib_init_lc_collate_1
    libinit.o(.ARM.Collect$$libinit$$00000000) refers (Special) to libinit2.o(.ARM.Collect$$libinit$$00000013) for __rt_lib_init_lc_ctype_1
    libinit.o(.ARM.Collect$$libinit$$00000000) refers (Special) to libinit2.o(.ARM.Collect$$libinit$$00000015) for __rt_lib_init_lc_monetary_1
    libinit.o(.ARM.Collect$$libinit$$00000000) refers (Special) to libinit2.o(.ARM.Collect$$libinit$$00000017) for __rt_lib_init_lc_numeric_1
    libinit.o(.ARM.Collect$$libinit$$00000000) refers (Special) to libinit2.o(.ARM.Collect$$libinit$$00000019) for __rt_lib_init_lc_time_1
    libinit.o(.ARM.Collect$$libinit$$00000000) refers (Special) to libinit2.o(.ARM.Collect$$libinit$$00000004) for __rt_lib_init_preinit_1
    libinit.o(.ARM.Collect$$libinit$$00000000) refers (Special) to libinit2.o(.ARM.Collect$$libinit$$0000000E) for __rt_lib_init_rand_1
    libinit.o(.ARM.Collect$$libinit$$00000000) refers (Special) to libinit2.o(.ARM.Collect$$libinit$$00000033) for __rt_lib_init_return
    libinit.o(.ARM.Collect$$libinit$$00000000) refers (Special) to libinit2.o(.ARM.Collect$$libinit$$0000001D) for __rt_lib_init_signal_1
    libinit.o(.ARM.Collect$$libinit$$00000000) refers (Special) to libinit2.o(.ARM.Collect$$libinit$$00000025) for __rt_lib_init_stdio_1
    libinit.o(.ARM.Collect$$libinit$$00000000) refers (Special) to libinit2.o(.ARM.Collect$$libinit$$0000000C) for __rt_lib_init_user_alloc_1
    rtexit.o(.ARM.Collect$$rtexit$$00000000) refers (Special) to rtexit2.o(.ARM.Collect$$rtexit$$00000004) for __rt_exit_exit
    rtexit.o(.ARM.Collect$$rtexit$$00000000) refers (Special) to rtexit2.o(.ARM.Collect$$rtexit$$00000003) for __rt_exit_ls
    rtexit.o(.ARM.Collect$$rtexit$$00000000) refers (Special) to rtexit2.o(.ARM.Collect$$rtexit$$00000002) for __rt_exit_prels_1
    rtexit.o(.ARM.exidx) refers (Special) to rtexit2.o(.ARM.Collect$$rtexit$$00000004) for __rt_exit_exit
    rtexit.o(.ARM.exidx) refers (Special) to rtexit2.o(.ARM.Collect$$rtexit$$00000003) for __rt_exit_ls
    rtexit.o(.ARM.exidx) refers (Special) to rtexit2.o(.ARM.Collect$$rtexit$$00000002) for __rt_exit_prels_1
    rtexit.o(.ARM.exidx) refers to rtexit.o(.ARM.Collect$$rtexit$$00000000) for .ARM.Collect$$rtexit$$00000000
    rt_raise.o(.text) refers to __raise.o(.text) for __raise
    rt_raise.o(.text) refers to sys_exit.o(.text) for _sys_exit
    defsig_exit.o(.text) refers to sys_exit.o(.text) for _sys_exit
    defsig_fpe_inner.o(.text) refers to defsig_general.o(.text) for __default_signal_display
    libinit2.o(.ARM.Collect$$libinit$$00000010) refers to libinit2.o(.ARM.Collect$$libinit$$0000000F) for .ARM.Collect$$libinit$$0000000F
    libinit2.o(.ARM.Collect$$libinit$$00000012) refers to libinit2.o(.ARM.Collect$$libinit$$0000000F) for .ARM.Collect$$libinit$$0000000F
    libinit2.o(.ARM.Collect$$libinit$$00000014) refers to libinit2.o(.ARM.Collect$$libinit$$0000000F) for .ARM.Collect$$libinit$$0000000F
    libinit2.o(.ARM.Collect$$libinit$$00000016) refers to libinit2.o(.ARM.Collect$$libinit$$0000000F) for .ARM.Collect$$libinit$$0000000F
    libinit2.o(.ARM.Collect$$libinit$$00000018) refers to libinit2.o(.ARM.Collect$$libinit$$0000000F) for .ARM.Collect$$libinit$$0000000F
    libinit2.o(.ARM.Collect$$libinit$$00000026) refers to argv_veneer.o(.emb_text) for __ARM_argv_veneer
    libinit2.o(.ARM.Collect$$libinit$$00000027) refers to argv_veneer.o(.emb_text) for __ARM_argv_veneer
    sys_exit.o(.text) refers (Special) to use_no_semi.o(.text) for __I$use$semihosting
    sys_exit.o(.text) refers (Special) to indicate_semi.o(.text) for __semihosting_library_function
    sys_exit_hlt.o(.text) refers (Special) to use_no_semi.o(.text) for __I$use$semihosting
    sys_exit_hlt.o(.text) refers (Special) to indicate_semi.o(.text) for __semihosting_library_function
    rtexit2.o(.ARM.Collect$$rtexit$$00000003) refers to libshutdown.o(.ARM.Collect$$libshutdown$$00000000) for __rt_lib_shutdown
    rtexit2.o(.ARM.Collect$$rtexit$$00000004) refers to sys_exit.o(.text) for _sys_exit
    rtexit2.o(.ARM.exidx) refers to rtexit2.o(.ARM.Collect$$rtexit$$00000001) for .ARM.Collect$$rtexit$$00000001
    rtexit2.o(.ARM.exidx) refers to rtexit2.o(.ARM.Collect$$rtexit$$00000003) for .ARM.Collect$$rtexit$$00000003
    rtexit2.o(.ARM.exidx) refers to rtexit2.o(.ARM.Collect$$rtexit$$00000004) for .ARM.Collect$$rtexit$$00000004
    __raise.o(.text) refers to defsig.o(CL$$defsig) for __default_signal_handler
    defsig_general.o(.text) refers to sys_wrch.o(.text) for _ttywrch
    argv_veneer.o(.emb_text) refers to no_argv.o(.text) for __ARM_get_argv
    sys_wrch.o(.text) refers (Special) to use_no_semi.o(.text) for __I$use$semihosting
    sys_wrch.o(.text) refers (Special) to indicate_semi.o(.text) for __semihosting_library_function
    sys_wrch_hlt.o(.text) refers (Special) to use_no_semi.o(.text) for __I$use$semihosting
    sys_wrch_hlt.o(.text) refers (Special) to indicate_semi.o(.text) for __semihosting_library_function
    defsig.o(CL$$defsig) refers to defsig_fpe_inner.o(.text) for __rt_SIGFPE_inner
    defsig.o(CL$$defsig) refers to defsig_rtmem_inner.o(.text) for __rt_SIGRTMEM_inner
    _get_argv_nomalloc.o(.text) refers (Special) to hrguard.o(.text) for __heap_region$guard
    _get_argv_nomalloc.o(.text) refers to defsig_rtmem_outer.o(.text) for __rt_SIGRTMEM
    _get_argv_nomalloc.o(.text) refers to sys_command.o(.text) for _sys_command_string
    libshutdown.o(.ARM.Collect$$libshutdown$$00000000) refers (Special) to libshutdown2.o(.ARM.Collect$$libshutdown$$00000002) for __rt_lib_shutdown_cpp_1
    libshutdown.o(.ARM.Collect$$libshutdown$$00000000) refers (Special) to libshutdown2.o(.ARM.Collect$$libshutdown$$00000007) for __rt_lib_shutdown_fp_trap_1
    libshutdown.o(.ARM.Collect$$libshutdown$$00000000) refers (Special) to libshutdown2.o(.ARM.Collect$$libshutdown$$0000000F) for __rt_lib_shutdown_heap_1
    libshutdown.o(.ARM.Collect$$libshutdown$$00000000) refers (Special) to libshutdown2.o(.ARM.Collect$$libshutdown$$00000010) for __rt_lib_shutdown_return
    libshutdown.o(.ARM.Collect$$libshutdown$$00000000) refers (Special) to libshutdown2.o(.ARM.Collect$$libshutdown$$0000000A) for __rt_lib_shutdown_signal_1
    libshutdown.o(.ARM.Collect$$libshutdown$$00000000) refers (Special) to libshutdown2.o(.ARM.Collect$$libshutdown$$00000004) for __rt_lib_shutdown_stdio_1
    libshutdown.o(.ARM.Collect$$libshutdown$$00000000) refers (Special) to libshutdown2.o(.ARM.Collect$$libshutdown$$0000000C) for __rt_lib_shutdown_user_alloc_1
    sys_command.o(.text) refers (Special) to use_no_semi.o(.text) for __I$use$semihosting
    sys_command.o(.text) refers (Special) to indicate_semi.o(.text) for __semihosting_library_function
    sys_command_hlt.o(.text) refers (Special) to use_no_semi.o(.text) for __I$use$semihosting
    sys_command_hlt.o(.text) refers (Special) to indicate_semi.o(.text) for __semihosting_library_function
    defsig_abrt_inner.o(.text) refers to defsig_general.o(.text) for __default_signal_display
    defsig_rtred_inner.o(.text) refers to defsig_general.o(.text) for __default_signal_display
    defsig_rtmem_inner.o(.text) refers to defsig_general.o(.text) for __default_signal_display
    defsig_rtmem_outer.o(.text) refers to defsig_rtmem_inner.o(.text) for __rt_SIGRTMEM_inner
    defsig_rtmem_outer.o(.text) refers to defsig_exit.o(.text) for __sig_exit
    defsig_rtmem_formal.o(.text) refers to rt_raise.o(.text) for __rt_raise
    defsig_stak_inner.o(.text) refers to defsig_general.o(.text) for __default_signal_display
    defsig_pvfn_inner.o(.text) refers to defsig_general.o(.text) for __default_signal_display
    defsig_cppl_inner.o(.text) refers to defsig_general.o(.text) for __default_signal_display
    defsig_segv_inner.o(.text) refers to defsig_general.o(.text) for __default_signal_display
    defsig_other.o(.text) refers to defsig_general.o(.text) for __default_signal_display

